 Engine

 Timestamp is 3efc0556 (Fri Jun 27 16:50:30 2003)

 Preferred load address is 10000000

 Start         Length     Name                   Class
 0001:00000000 0003b6f0H .text                   CODE
 0001:0003b6f0 00000eb2H .text$x                 CODE
 0002:00000000 000002f0H .idata$5                DATA
 0002:000002f0 00003ff4H .rdata                  DATA
 0002:000042e8 00001310H .xdata$x                DATA
 0002:000055f8 000000f0H .idata$2                DATA
 0002:000056e8 00000014H .idata$3                DATA
 0002:000056fc 000002f0H .idata$4                DATA
 0002:000059ec 00000abcH .idata$6                DATA
 0002:000064b0 0000c7cdH .edata                  DATA
 0003:00000000 00000004H .CRT$XCA                DATA
 0003:00000004 00000014H .CRT$XCU                DATA
 0003:00000018 00000004H .CRT$XCZ                DATA
 0003:0000001c 00000004H .CRT$XIA                DATA
 0003:00000020 00000004H .CRT$XIZ                DATA
 0003:00000030 00008200H .data                   DATA
 0003:00008230 00013770H .bss                    DATA

  Address         Publics by Value              Rva+Base     Lib:Object

 0001:00000000       ?GetScreenMode@KDirectDraw@@QAEKXZ 10001000 f i KAutoMutex.obj
 0001:00000010       ?GetScreenWidth@KDirectDraw@@QAEKXZ 10001010 f i KAutoMutex.obj
 0001:00000020       ?GetScreenHeight@KDirectDraw@@QAEKXZ 10001020 f i KAutoMutex.obj
 0001:00000030       ?GetScreenPitch@KDirectDraw@@QAEKXZ 10001030 f i KAutoMutex.obj
 0001:00000040       ?GetRGBBitCount@KDirectDraw@@QAEKXZ 10001040 f i KAutoMutex.obj
 0001:00000050       ?GetRGBBitMask16@KDirectDraw@@QAEKXZ 10001050 f i KAutoMutex.obj
 0001:00000060       ?GetRGBBitMask32@KDirectDraw@@QAEKXZ 10001060 f i KAutoMutex.obj
 0001:00000070       ??4KDirectDraw@@QAEAAV0@ABV0@@Z 10001070 f i KAutoMutex.obj
 0001:00000090       ?GetDirectSound@KDirectSound@@QAEPAUIDirectSound@@XZ 10001090 f i KAutoMutex.obj
 0001:000000a0       ??4KDirectSound@@QAEAAV0@ABV0@@Z 100010a0 f i KAutoMutex.obj
 0001:000000c0       ??4KDirectInput@@QAEAAV0@ABV0@@Z 100010c0 f i KAutoMutex.obj
 0001:000000e0       ??4KFile@@QAEAAV0@ABV0@@Z  100010e0 f i KAutoMutex.obj
 0001:00000100       ?GetFilePath@KFileDialog@@QAEPADXZ 10001100 f i KAutoMutex.obj
 0001:00000110       ?GetFileName@KFileDialog@@QAEPADXZ 10001110 f i KAutoMutex.obj
 0001:00000120       ?GetFileTitleA@KFileDialog@@QAEPADXZ 10001120 f i KAutoMutex.obj
 0001:00000130       ??4KFileDialog@@QAEAAV0@ABV0@@Z 10001130 f i KAutoMutex.obj
 0001:00000150       ??4KTimer@@QAEAAV0@ABV0@@Z 10001150 f i KAutoMutex.obj
 0001:00000170       ?GetMemPtr@KMemClass@@QAEPAXXZ 10001170 f i KAutoMutex.obj
 0001:00000180       ?GetMemLen@KMemClass@@QAEKXZ 10001180 f i KAutoMutex.obj
 0001:00000190       ??4KMemClass@@QAEAAV0@ABV0@@Z 10001190 f i KAutoMutex.obj
 0001:000001b0       ??0KCodec@@QAE@XZ          100011b0 f i KAutoMutex.obj
 0001:000001c0       ??0KCodec@@QAE@ABV0@@Z     100011c0 f i KAutoMutex.obj
 0001:000001d0       ??4KCodec@@QAEAAV0@ABV0@@Z 100011d0 f i KAutoMutex.obj
 0001:000001e0       ??4KPakData@@QAEAAV0@ABV0@@Z 100011e0 f i KAutoMutex.obj
 0001:00000200       ??4KMutex@@QAEAAV0@ABV0@@Z 10001200 f i KAutoMutex.obj
 0001:00000220       ?getPackFile@KPakList@@QAEPAVZSPRPackFile@@H@Z 10001220 f i KAutoMutex.obj
 0001:00000260       ?SetActivePak@KPakList@@QAEXH@Z 10001260 f i KAutoMutex.obj
 0001:00000270       ?GetActivePak@KPakList@@QAEJXZ 10001270 f i KAutoMutex.obj
 0001:00000280       ?GetMutexPtr@KPakList@@QAEPAVKMutex@@XZ 10001280 f i KAutoMutex.obj
 0001:00000290       ?Lock@KPakList@@QAEXXZ     10001290 f i KAutoMutex.obj
 0001:000002a0       ?Unlock@KPakList@@QAEXXZ   100012a0 f i KAutoMutex.obj
 0001:000002b0       ??4KPakList@@QAEAAV0@ABV0@@Z 100012b0 f i KAutoMutex.obj
 0001:000002d0       ??4KPakFile@@QAEAAV0@ABV0@@Z 100012d0 f i KAutoMutex.obj
 0001:000002f0       ??4KMemStack@@QAEAAV0@ABV0@@Z 100012f0 f i KAutoMutex.obj
 0001:00000310       ??4KIniFile@@QAEAAV0@ABV0@@Z 10001310 f i KAutoMutex.obj
 0001:00000330       ?Changed@KCanvas@@QAEXH@Z  10001330 f i KAutoMutex.obj
 0001:00000340       ?SetClipRect@KCanvas@@QAEXPAUtagRECT@@@Z 10001340 f i KAutoMutex.obj
 0001:00000360       ?GetClipRect@KCanvas@@QAEXPAUtagRECT@@@Z 10001360 f i KAutoMutex.obj
 0001:00000380       ??4KCanvas@@QAEAAV0@ABV0@@Z 10001380 f i KAutoMutex.obj
 0001:000003a0       ?GetWidth@KSprite@@QAEHXZ  100013a0 f i KAutoMutex.obj
 0001:000003b0       ?GetHeight@KSprite@@QAEHXZ 100013b0 f i KAutoMutex.obj
 0001:000003c0       ?GetCenterX@KSprite@@QAEHXZ 100013c0 f i KAutoMutex.obj
 0001:000003d0       ?GetCenterY@KSprite@@QAEHXZ 100013d0 f i KAutoMutex.obj
 0001:000003e0       ?GetFrames@KSprite@@QAEHXZ 100013e0 f i KAutoMutex.obj
 0001:000003f0       ?GetDirections@KSprite@@QAEHXZ 100013f0 f i KAutoMutex.obj
 0001:00000400       ?GetInterval@KSprite@@QAEHXZ 10001400 f i KAutoMutex.obj
 0001:00000410       ?GetPalette@KSprite@@QAEPAXXZ 10001410 f i KAutoMutex.obj
 0001:00000420       ?Get24Palette@KSprite@@QAEPAXXZ 10001420 f i KAutoMutex.obj
 0001:00000430       ??4KSprite@@QAEAAV0@ABV0@@Z 10001430 f i KAutoMutex.obj
 0001:00000450       ??1KSprite@@QAE@XZ         10001450 f i KAutoMutex.obj
 0001:000004a0       ?GetBitmap@KBitmap@@QAEPAXXZ 100014a0 f i KAutoMutex.obj
 0001:000004b0       ?GetPal32@KBitmap@@QAEPAUKPAL32@@XZ 100014b0 f i KAutoMutex.obj
 0001:000004c0       ?GetPal16@KBitmap@@QAEPAGXZ 100014c0 f i KAutoMutex.obj
 0001:000004d0       ?GetWidth@KBitmap@@QAEHXZ  100014d0 f i KAutoMutex.obj
 0001:000004e0       ?GetHeight@KBitmap@@QAEHXZ 100014e0 f i KAutoMutex.obj
 0001:000004f0       ?GetColors@KBitmap@@QAEHXZ 100014f0 f i KAutoMutex.obj
 0001:00000500       ??4KBitmap@@QAEAAV0@ABV0@@Z 10001500 f i KAutoMutex.obj
 0001:00000520       ??1KBitmap@@QAE@XZ         10001520 f i KAutoMutex.obj
 0001:00000530       ?GetWidth@KFont@@QAEHXZ    10001530 f i KAutoMutex.obj
 0001:00000540       ?GetHeight@KFont@@QAEHXZ   10001540 f i KAutoMutex.obj
 0001:00000550       ?SetTextStyle@KFont@@QAEXH@Z 10001550 f i KAutoMutex.obj
 0001:00000560       ??4KFont@@QAEAAV0@ABV0@@Z  10001560 f i KAutoMutex.obj
 0001:00000580       ?HandleInput@KWin32App@@MAEHIIJ@Z 10001580 f i KAutoMutex.obj
 0001:00000590       ??0KWin32App@@QAE@ABV0@@Z  10001590 f i KAutoMutex.obj
 0001:000005f0       ??4KWin32App@@QAEAAV0@ABV0@@Z 100015f0 f i KAutoMutex.obj
 0001:00000660       ??4KAutoMutex@@QAEAAV0@ABV0@@Z 10001660 f i KAutoMutex.obj
 0001:00000670       ??0KAutoMutex@@QAE@PAVKMutex@@@Z 10001670 f   KAutoMutex.obj
 0001:00000690       ??1KAutoMutex@@QAE@XZ      10001690 f   KAutoMutex.obj
 0001:000006b0       ??4KAviFile@@QAEAAV0@ABV0@@Z 100016b0 f i KAviFile.obj
 0001:000006d0       ??0KAviFile@@QAE@XZ        100016d0 f   KAviFile.obj
 0001:00000700       ??1KAviFile@@QAE@XZ        10001700 f   KAviFile.obj
 0001:00000750       ?Open@KAviFile@@QAEHPAD@Z  10001750 f   KAviFile.obj
 0001:000007d0       ?FillHeader@KAviFile@@QAEHXZ 100017d0 f   KAviFile.obj
 0001:00000cb0       ?GetAudioIndex@KAviFile@@QAEHXZ 10001cb0 f   KAviFile.obj
 0001:00000de0       ?GetVideoIndex@KAviFile@@QAEHXZ 10001de0 f   KAviFile.obj
 0001:00000f30       ?VideoStreams@KAviFile@@QAEHXZ 10001f30 f   KAviFile.obj
 0001:00000f40       ?AudioStreams@KAviFile@@QAEHXZ 10001f40 f   KAviFile.obj
 0001:00000f50       ?GetBitmapInfoHeader@KAviFile@@QAEXPAUtagBITMAPINFOHEADER@@@Z 10001f50 f   KAviFile.obj
 0001:00000f70       ?GetWaveFormat@KAviFile@@QAEXPAUtWAVEFORMATEX@@@Z 10001f70 f   KAviFile.obj
 0001:00000fa0       ?GetCompressMethod@KAviFile@@QAEXPAD@Z 10001fa0 f   KAviFile.obj
 0001:00000fc0       ?NextFrame@KAviFile@@QAEHPAE@Z 10001fc0 f   KAviFile.obj
 0001:00001020       ?ReadAudio@KAviFile@@QAEHPAEH@Z 10002020 f   KAviFile.obj
 0001:000010c0       ?FrameRate@KAviFile@@QAEHXZ 100020c0 f   KAviFile.obj
 0001:000010e0       ?CurrentFrame@KAviFile@@QAEHXZ 100020e0 f   KAviFile.obj
 0001:000010f0       ?TotalFrames@KAviFile@@QAEHXZ 100020f0 f   KAviFile.obj
 0001:00001100       ?VideoSeek@KAviFile@@QAEHH@Z 10002100 f   KAviFile.obj
 0001:00001160       ?AudioSeek@KAviFile@@QAEHH@Z 10002160 f   KAviFile.obj
 0001:00001230       ?IsKeyframe@KAviFile@@QAEHH@Z 10002230 f   KAviFile.obj
 0001:00001260       ?NextKeyFrame@KAviFile@@QAEHXZ 10002260 f   KAviFile.obj
 0001:000012a0       ?PreviousKeyFrame@KAviFile@@QAEHXZ 100022a0 f   KAviFile.obj
 0001:000012e0       ?Rewind@KAviFile@@QAEHXZ   100022e0 f   KAviFile.obj
 0001:00001300       ?Close@KAviFile@@QAEXXZ    10002300 f   KAviFile.obj
 0001:00001340       ??0KBitmap@@QAE@XZ         10002340 f   KBitmap.obj
 0001:00001360       ?Init@KBitmap@@QAEHHHH@Z   10002360 f   KBitmap.obj
 0001:000013a0       ?Draw@KBitmap@@QAEXHH@Z    100023a0 f   KBitmap.obj
 0001:000013e0       ?Clear@KBitmap@@QAEXE@Z    100023e0 f   KBitmap.obj
 0001:000013f0       ?MakePalette@KBitmap@@QAEXXZ 100023f0 f   KBitmap.obj
 0001:00001410       ?PutPixel@KBitmap@@QAEXHHE@Z 10002410 f   KBitmap.obj
 0001:00001430       ?GetPixel@KBitmap@@QAEEHH@Z 10002430 f   KBitmap.obj
 0001:00001450       ?Load@KBitmap@@QAEHPAD@Z   10002450 f   KBitmap.obj
 0001:00001570       ?Save@KBitmap@@QAEHPAD@Z   10002570 f   KBitmap.obj
 0001:00001660       ?GetBitmap@KBitmap16@@QAEPAXXZ 10002660 f i KBitmap16.obj
 0001:00001670       ?GetWidth@KBitmap16@@QAEHXZ 10002670 f i KBitmap16.obj
 0001:00001680       ?GetHeight@KBitmap16@@QAEHXZ 10002680 f i KBitmap16.obj
 0001:00001690       ??4KBitmap16@@QAEAAV0@ABV0@@Z 10002690 f i KBitmap16.obj
 0001:000016c0       ??1KBitmap16@@QAE@XZ       100026c0 f i KBitmap16.obj
 0001:000016d0       ??0KBitmap16@@QAE@XZ       100026d0 f   KBitmap16.obj
 0001:000016f0       ?Init@KBitmap16@@QAEHHH@Z  100026f0 f   KBitmap16.obj
 0001:00001720       ?Free@KBitmap16@@QAEXXZ    10002720 f   KBitmap16.obj
 0001:00001730       ?Clear@KBitmap16@@QAEXXZ   10002730 f   KBitmap16.obj
 0001:00001740       ?Draw@KBitmap16@@QAEXHH@Z  10002740 f   KBitmap16.obj
 0001:00001750       ?DrawLum@KBitmap16@@QAEXHHH@Z 10002750 f   KBitmap16.obj
 0001:00001760       ?PutPixel@KBitmap16@@QAEXHHG@Z 10002760 f   KBitmap16.obj
 0001:000017a0       ?GetPixel@KBitmap16@@QAEGHH@Z 100027a0 f   KBitmap16.obj
 0001:000017e0       ?GetPointer@KBitmap16@@QAEPAGHH@Z 100027e0 f   KBitmap16.obj
 0001:00001800       ?Load@KBitmap16@@QAEHPAD@Z 10002800 f   KBitmap16.obj
 0001:00001940       ?Save@KBitmap16@@QAEHPAD@Z 10002940 f   KBitmap16.obj
 0001:00001a10       _g_CreateAlphaFromRGB      10002a10 f   KBitmapConvert.obj
 0001:00001a70       ?GetSprite@KBmp2Spr@@QAEPAXXZ 10002a70 f i KBmp2Spr.obj
 0001:00001a80       ?GetLength@KBmp2Spr@@QAEJXZ 10002a80 f i KBmp2Spr.obj
 0001:00001a90       ??4KBmp2Spr@@QAEAAV0@ABV0@@Z 10002a90 f i KBmp2Spr.obj
 0001:00001ab0       ??1KBmp2Spr@@QAE@XZ        10002ab0 f i KBmp2Spr.obj
 0001:00001ac0       ??0KBmp2Spr@@QAE@XZ        10002ac0 f   KBmp2Spr.obj
 0001:00001ae0       ?Convert@KBmp2Spr@@QAEHPAVKBitmap@@H@Z 10002ae0 f   KBmp2Spr.obj
 0001:00001b80       ?ConvertRect@KBmp2Spr@@IAEJPAUtagRECT@@PAE@Z 10002b80 f   KBmp2Spr.obj
 0001:00001c00       ?ConvertLine@KBmp2Spr@@IAEJHHHPAE@Z 10002c00 f   KBmp2Spr.obj
 0001:00001c90       ?GetTransCount@KBmp2Spr@@IAEJHHH@Z 10002c90 f   KBmp2Spr.obj
 0001:00001ce0       ?GetPixelCount@KBmp2Spr@@IAEJHHH@Z 10002ce0 f   KBmp2Spr.obj
 0001:00001d30       ?GetMiniRect@KBmp2Spr@@IAEXPAUtagRECT@@@Z 10002d30 f   KBmp2Spr.obj
 0001:00001e50       ??4KBmpFile@@QAEAAV0@ABV0@@Z 10002e50 f i KBmpFile.obj
 0001:00001e80       ?Load@KBmpFile@@QAEHPADPAVKBitmap@@@Z 10002e80 f   KBmpFile.obj
 0001:00002040       ?Save@KBmpFile@@QAEHPADPAVKBitmap@@@Z 10003040 f   KBmpFile.obj
 0001:00002210       ?Decode@KBmpFile@@AAEXPAX0@Z 10003210 f   KBmpFile.obj
 0001:00002260       ?Encode@KBmpFile@@AAEXPAX0@Z 10003260 f   KBmpFile.obj
 0001:000022b0       ??4KBmpFile24@@QAEAAV0@ABV0@@Z 100032b0 f i KBmpFile24.obj
 0001:000022d0       ?Load@KBmpFile24@@QAEHPADPAVKBitmap16@@@Z 100032d0 f   KBmpFile24.obj
 0001:00002450       ?Save@KBmpFile24@@QAEHPADPAVKBitmap16@@@Z 10003450 f   KBmpFile24.obj
 0001:00002600       ?Decode@KBmpFile24@@AAEHPAX0@Z 10003600 f   KBmpFile24.obj
 0001:000026b0       ?Encode@KBmpFile24@@AAEHPAX0@Z 100036b0 f   KBmpFile24.obj
 0001:00002770       ??0KMemManager@@QAE@ABV0@@Z 10003770 f i KCache.obj
 0001:000027c0       ??_EKNode@@UAEPAXI@Z       100037c0 f i KCache.obj
 0001:000027c0       ??_GKNode@@UAEPAXI@Z       100037c0 f i KCache.obj
 0001:000027e0       ??4KMemManager@@QAEAAV0@ABV0@@Z 100037e0 f i KCache.obj
 0001:00002830       ?GetName@KStrNode@@UAEPADXZ 10003830 f i KCache.obj
 0001:00002840       ?SetName@KStrNode@@UAEXPAD@Z 10003840 f i KCache.obj
 0001:00002860       ??0KStrNode@@QAE@ABV0@@Z   10003860 f i KCache.obj
 0001:000028a0       ??4KStrNode@@QAEAAV0@ABV0@@Z 100038a0 f i KCache.obj
 0001:000028e0       ??1KStrNode@@UAE@XZ        100038e0 f i KCache.obj
 0001:000028f0       ??_GKStrNode@@UAEPAXI@Z    100038f0 f i KCache.obj
 0001:00002910       ??_EKStrNode@@UAEPAXI@Z    10003910 f i KCache.obj
 0001:00002970       ??0KStrList@@QAE@XZ        10003970 f i KCache.obj
 0001:000029a0       ??0KStrList@@QAE@ABV0@@Z   100039a0 f i KCache.obj
 0001:000029d0       ??4KStrList@@QAEAAV0@ABV0@@Z 100039d0 f i KCache.obj
 0001:00002a00       ??1KStrList@@QAE@XZ        10003a00 f i KCache.obj
 0001:00002a10       ?LoadNode@KCache@@UAEHPAVKCacheNode@@@Z 10003a10 f i KCache.obj
 0001:00002a20       ?FreeNode@KCache@@UAEXPAVKCacheNode@@@Z 10003a20 f i KCache.obj
 0001:00002a30       ??0KCache@@QAE@ABV0@@Z     10003a30 f i KCache.obj
 0001:00002a70       ??4KCache@@QAEAAV0@ABV0@@Z 10003a70 f i KCache.obj
 0001:00002aa0       ??_GKCache@@UAEPAXI@Z      10003aa0 f i KCache.obj
 0001:00002ac0       ??_EKCache@@UAEPAXI@Z      10003ac0 f i KCache.obj
 0001:00002b20       ??0KCache@@QAE@XZ          10003b20 f   KCache.obj
 0001:00002b70       ??1KCache@@UAE@XZ          10003b70 f   KCache.obj
 0001:00002bf0       ?Init@KCache@@UAEXH@Z      10003bf0 f   KCache.obj
 0001:00002c00       ?NewNode@KCache@@UAEPAVKCacheNode@@PAD@Z 10003c00 f   KCache.obj
 0001:00002de0       ??_GKCacheNode@@UAEPAXI@Z  10003de0 f i KCache.obj
 0001:00002de0       ??_EKCacheNode@@UAEPAXI@Z  10003de0 f i KCache.obj
 0001:00002e00       ??1KCacheNode@@UAE@XZ      10003e00 f i KCache.obj
 0001:00002e10       ?GetNode@KCache@@UAEPAVKCacheNode@@PADPAV2@@Z 10003e10 f   KCache.obj
 0001:00002ea0       ?Prepare@KCache@@QAEXXZ    10003ea0 f   KCache.obj
 0001:00002f10       ?ClearNode@KCache@@QAEXPAD@Z 10003f10 f   KCache.obj
 0001:00002f70       ??0KCanvas@@QAE@XZ         10003f70 f   KCanvas.obj
 0001:00002fa0       ??1KCanvas@@QAE@XZ         10003fa0 f   KCanvas.obj
 0001:00003000       ?Init@KCanvas@@QAEXHH@Z    10004000 f   KCanvas.obj
 0001:000030b0       ??_EKDrawNode@@UAEPAXI@Z   100040b0 f i KCanvas.obj
 0001:000030b0       ??_GKDrawNode@@UAEPAXI@Z   100040b0 f i KCanvas.obj
 0001:000030d0       ??1KDrawNode@@UAE@XZ       100040d0 f i KCanvas.obj
 0001:000030e0       ?RectClip@KCanvas@@QAEHPAUtagRECT@@@Z 100040e0 f   KCanvas.obj
 0001:00003140       ?MakeClip@KCanvas@@QAEHJJJJPAUKClipper@@@Z 10004140 f   KCanvas.obj
 0001:00003210       ?FillCanvas@KCanvas@@QAEXG@Z 10004210 f   KCanvas.obj
 0001:00003270       ?UpdateCanvas@KCanvas@@QAEXXZ 10004270 f   KCanvas.obj
 0001:00003280       ?UpdateScreen@KCanvas@@QAEXXZ 10004280 f   KCanvas.obj
 0001:000032b0       ?UpdateBackBuffer@KCanvas@@AAEXPAUtagRECT@@@Z 100042b0 f   KCanvas.obj
 0001:000033e0       ?UpdateFrontBuffer@KCanvas@@AAEXPAUtagRECT@@@Z 100043e0 f   KCanvas.obj
 0001:00003500       ?DrawPixel@KCanvas@@QAEXHHH@Z 10004500 f   KCanvas.obj
 0001:00003540       ?DrawPixelAlpha@KCanvas@@QAEXHHHH@Z 10004540 f   KCanvas.obj
 0001:00003590       ?DrawLine@KCanvas@@QAEXHHHHH@Z 10004590 f   KCanvas.obj
 0001:000035e0       ?DrawLineAlpha@KCanvas@@QAEXHHHHHH@Z 100045e0 f   KCanvas.obj
 0001:00003640       ?DrawSprite@KCanvas@@QAEXHHHHPAX0@Z 10004640 f   KCanvas.obj
 0001:000036a0       ?DrawSpriteMixColor@KCanvas@@QAEXHHHHPAX0HH@Z 100046a0 f   KCanvas.obj
 0001:00003710       ?DrawSpriteWithColor@KCanvas@@QAEXHHHHPAX0HH@Z 10004710 f   KCanvas.obj
 0001:00003780       ?DrawSpriteAlpha@KCanvas@@QAEXHHHHPAX0H@Z 10004780 f   KCanvas.obj
 0001:00003800       ?DrawSpriteBorder@KCanvas@@QAEXHHHHHPAX@Z 10004800 f   KCanvas.obj
 0001:00003850       ?DrawSprite3LevelAlpha@KCanvas@@QAEXHHHHPAX0@Z 10004850 f   KCanvas.obj
 0001:000038a0       ?DrawFont@KCanvas@@QAEXHHHHHHPAX@Z 100048a0 f   KCanvas.obj
 0001:00003910       ?DrawFontWithBorder@KCanvas@@QAEXHHHHHHPAXH@Z 10004910 f   KCanvas.obj
 0001:00003980       ?DrawFontSolid@KCanvas@@QAEXHHHHHHPAX@Z 10004980 f   KCanvas.obj
 0001:000039f0       ?DrawBitmap@KCanvas@@QAEXHHHHPAX0@Z 100049f0 f   KCanvas.obj
 0001:00003a50       ?DrawFade@KCanvas@@QAEXHHHHH@Z 10004a50 f   KCanvas.obj
 0001:00003aa0       ?DrawBitmap16@KCanvas@@QAEXHHHHPAX@Z 10004aa0 f   KCanvas.obj
 0001:00003af0       ?DrawBitmap16mmx@KCanvas@@QAEXHHHHPAX@Z 10004af0 f   KCanvas.obj
 0001:00003b40       ?DrawBitmap16win@KCanvas@@QAEXHHHHPAX@Z 10004b40 f   KCanvas.obj
 0001:00003b90       ?Clear@KCanvas@@QAEXHHHHH@Z 10004b90 f   KCanvas.obj
 0001:00003be0       ?DotClear@KCanvas@@QAEXHHHHH@Z 10004be0 f   KCanvas.obj
 0001:00003c30       ?ClearAlpha@KCanvas@@QAEXHHHHHH@Z 10004c30 f   KCanvas.obj
 0001:00003c90       ??0KCodecLha@@QAE@XZ       10004c90 f i KCodec.obj
 0001:00003ca0       ??0KCodecLha@@QAE@ABV0@@Z  10004ca0 f i KCodec.obj
 0001:00003cb0       ??4KCodecLha@@QAEAAV0@ABV0@@Z 10004cb0 f i KCodec.obj
 0001:00003cc0       ??0KCodecLzo@@QAE@XZ       10004cc0 f i KCodec.obj
 0001:00003ce0       ??0KCodecLzo@@QAE@ABV0@@Z  10004ce0 f i KCodec.obj
 0001:00003d10       ??4KCodecLzo@@QAEAAV0@ABV0@@Z 10004d10 f i KCodec.obj
 0001:00003d30       ??1KCodecLzo@@QAE@XZ       10004d30 f i KCodec.obj
 0001:00003d40       ?GetPackLen@KCodec@@UAEKK@Z 10004d40 f   KCodec.obj
 0001:00003d60       ?Encode@KCodec@@UAEHPAUTCodeInfo@@@Z 10004d60 f   KCodec.obj
 0001:00003d90       ?Decode@KCodec@@UAEHPAUTCodeInfo@@@Z 10004d90 f   KCodec.obj
 0001:00003dc0       ?g_InitCodec@@YAXPAPAVKCodec@@H@Z 10004dc0 f   KCodec.obj
 0001:00003ec0       ?g_FreeCodec@@YAXPAPAVKCodec@@H@Z 10004ec0 f   KCodec.obj
 0001:00003f00       ?Encode@KCodecLha@@UAEHPAUTCodeInfo@@@Z 10004f00 f   KCodecLha.obj
 0001:00003f30       ?Decode@KCodecLha@@UAEHPAUTCodeInfo@@@Z 10004f30 f   KCodecLha.obj
 0001:00003f60       ?Compress@KCodecLzo@@AAEKPAEK0PAK@Z 10004f60 f   KCodecLzo.obj
 0001:000042d0       ?Encode@KCodecLzo@@UAEHPAUTCodeInfo@@@Z 100052d0 f   KCodecLzo.obj
 0001:000043e0       ?Decode@KCodecLzo@@UAEHPAUTCodeInfo@@@Z 100053e0 f   KCodecLzo.obj
 0001:00004620       ?g_Red@@YAEG@Z             10005620 f   KColors.obj
 0001:00004640       ?g_Green@@YAEG@Z           10005640 f   KColors.obj
 0001:00004680       ?g_Blue@@YAEG@Z            10005680 f   KColors.obj
 0001:000046c0       ?g_RGB555@@YAGHHH@Z        100056c0 f   KColors.obj
 0001:00004700       ?g_RGB565@@YAGHHH@Z        10005700 f   KColors.obj
 0001:00004740       ?g_555To565@@YAXHHPAX@Z    10005740 f   KColors.obj
 0001:00004780       ?g_565To555@@YAXHHPAX@Z    10005780 f   KColors.obj
 0001:000047c0       ??0KDirectDraw@@QAE@XZ     100057c0 f   KDDraw.obj
 0001:00004800       ??1KDirectDraw@@QAE@XZ     10005800 f   KDDraw.obj
 0001:00004810       ?Mode@KDirectDraw@@QAEXHHH@Z 10005810 f   KDDraw.obj
 0001:00004830       ?Init@KDirectDraw@@QAEHXZ  10005830 f   KDDraw.obj
 0001:00004900       ?Exit@KDirectDraw@@QAEXXZ  10005900 f   KDDraw.obj
 0001:00004960       ?CreateDirectDraw@KDirectDraw@@AAEHXZ 10005960 f   KDDraw.obj
 0001:000049c0       ?SetDisplayMode@KDirectDraw@@AAEHXZ 100059c0 f   KDDraw.obj
 0001:00004a40       ?GetDisplayMode@KDirectDraw@@AAEHXZ 10005a40 f   KDDraw.obj
 0001:00004af0       ?CreateSurface@KDirectDraw@@AAEHXZ 10005af0 f   KDDraw.obj
 0001:00004c10       ?RestoreSurface@KDirectDraw@@QAEHXZ 10005c10 f   KDDraw.obj
 0001:00004c50       ?GetSurfaceDesc@KDirectDraw@@AAEHXZ 10005c50 f   KDDraw.obj
 0001:00004d80       ?CreateClipper@KDirectDraw@@AAEHXZ 10005d80 f   KDDraw.obj
 0001:00004de0       ?SetClipperHWnd@KDirectDraw@@QAEXPAUHWND__@@@Z 10005de0 f   KDDraw.obj
 0001:00004e10       ?LockPrimaryBuffer@KDirectDraw@@QAEPAXXZ 10005e10 f   KDDraw.obj
 0001:00004e60       ?UnLockPrimaryBuffer@KDirectDraw@@QAEXXZ 10005e60 f   KDDraw.obj
 0001:00004e80       ?LockBackBuffer@KDirectDraw@@QAEPAXXZ 10005e80 f   KDDraw.obj
 0001:00004ed0       ?UnLockBackBuffer@KDirectDraw@@QAEXXZ 10005ed0 f   KDDraw.obj
 0001:00004ef0       ?WaitForVerticalBlankBegin@KDirectDraw@@QAEXXZ 10005ef0 f   KDDraw.obj
 0001:00004f10       ?WaitForVerticalBlankEnd@KDirectDraw@@QAEXXZ 10005f10 f   KDDraw.obj
 0001:00004f30       ?FillBackBuffer@KDirectDraw@@QAEXK@Z 10005f30 f   KDDraw.obj
 0001:00004f70       ?UpdateScreen@KDirectDraw@@QAEXPAUtagRECT@@@Z 10005f70 f   KDDraw.obj
 0001:00004fa0       ?UpdateScreenZoom@KDirectDraw@@QAEXPAUtagRECT@@@Z 10005fa0 f   KDDraw.obj
 0001:00004fd0       ?SetWindowStyle@KDirectDraw@@AAEXXZ 10005fd0 f   KDDraw.obj
 0001:00005080       ?g_FindDebugWindow@@YAPAUHWND__@@PAD0@Z 10006080 f   KDebug.obj
 0001:000050a0       ?g_DebugLog@@YAXPADZZ      100060a0 f   KDebug.obj
 0001:00005100       ?g_MessageBox@@YAXPADZZ    10006100 f   KDebug.obj
 0001:00005150       ?g_AssertFailed@@YAXPADH@Z 10006150 f   KDebug.obj
 0001:000051a0       ?g_DDError@@YAXH@Z         100061a0 f   KDError.obj
 0001:000051e0       ?g_DSError@@YAXH@Z         100061e0 f   KDError.obj
 0001:00005220       ?g_DIError@@YAXH@Z         10006220 f   KDError.obj
 0001:00005260       ??0KDirectInput@@QAE@XZ    10006260 f   KDInput.obj
 0001:00005280       ??1KDirectInput@@QAE@XZ    10006280 f   KDInput.obj
 0001:00005290       ?Init@KDirectInput@@QAEHXZ 10006290 f   KDInput.obj
 0001:00005310       ?Exit@KDirectInput@@QAEXXZ 10006310 f   KDInput.obj
 0001:00005370       ?CreateDirectInput@KDirectInput@@AAEHXZ 10006370 f   KDInput.obj
 0001:000053b0       ?CreateMouseDevice@KDirectInput@@AAEHXZ 100063b0 f   KDInput.obj
 0001:00005440       ?CreateKeyboardDevice@KDirectInput@@AAEHXZ 10006440 f   KDInput.obj
 0001:000054d0       ?SetMouseBehavior@KDirectInput@@QAEHH@Z 100064d0 f   KDInput.obj
 0001:00005510       ?GetMouseState@KDirectInput@@QAEHPAH0PAE1@Z 10006510 f   KDInput.obj
 0001:00005570       ?GetKeyboardState@KDirectInput@@QAEHPAE@Z 10006570 f   KDInput.obj
 0001:000055b0       ?g_DrawPixel@@YAXPAX0@Z    100065b0 f   KDrawBase.obj
 0001:00005630       ?g_DrawPixelAlpha@@YAXPAX0@Z 10006630 f   KDrawBase.obj
 0001:000056f0       ?g_DrawLine@@YAXPAX0@Z     100066f0 f   KDrawBase.obj
 0001:00005830       ?g_DrawLineAlpha@@YAXPAX0@Z 10006830 f   KDrawBase.obj
 0001:00005970       ?g_Clear@@YAXPAX0@Z        10006970 f   KDrawBase.obj
 0001:00005a10       ?g_DotClear@@YAXPAX0@Z     10006a10 f   KDrawBase.obj
 0001:00005ab0       ?g_ClearAlpha@@YAXPAX0@Z   10006ab0 f   KDrawBase.obj
 0001:00005b80       ?g_DrawBitmap@@YAXPAX0@Z   10006b80 f   KDrawBitmap.obj
 0001:00005c30       ?g_DrawBitmap16@@YAXPAX0@Z 10006c30 f   KDrawBitmap16.obj
 0001:00005d00       ?g_DrawBitmap16_OLD@@YAXPAX0@Z 10006d00 f   KDrawBitmap16.obj
 0001:00005db0       ?g_DrawBitmap16mmx@@YAXPAX0@Z 10006db0 f   KDrawBitmap16.obj
 0001:00005e70       ?g_DrawBitmap16win@@YAXPAX0@Z 10006e70 f   KDrawBitmap16.obj
 0001:00005f40       ?g_DrawFade@@YAXPAX0@Z     10006f40 f   KDrawFade.obj
 0001:00006030       ?g_DrawFont@@YAXPAX0@Z     10007030 f   KDrawFont.obj
 0001:00006190       ?g_DrawFontWithBorder@@YAXPAX0@Z 10007190 f   KDrawFont.obj
 0001:00006290       ?g_DrawFontSolid@@YAXPAX0@Z 10007290 f   KDrawFont.obj
 0001:000063c0       ?g_DrawSprite@@YAXPAX0@Z   100073c0 f   KDrawSprite.obj
 0001:00006680       ?g_DrawSprite_OLD@@YAXPAX0@Z 10007680 f   KDrawSprite.obj
 0001:00006910       ?g_DrawSpriteMixColor@@YAXPAX0@Z 10007910 f   KDrawSprite.obj
 0001:00006d10       ?g_DrawSpriteWithColor@@YAXPAX0@Z 10007d10 f   KDrawSprite.obj
 0001:00007140       ?g_DrawSpriteBorder@@YAXPAX0@Z 10008140 f   KDrawSprite.obj
 0001:00007370       ?g_DrawSpriteAlpha@@YAXPAX0@Z 10008370 f   KDrawSpriteAlpha.obj
 0001:000078f0       ?g_DrawSpriteAlpha@@YAXPAX0H@Z 100088f0 f   KDrawSpriteAlpha.obj
 0001:000081d0       ?g_DrawSprite3LevelAlpha@@YAXPAX0@Z 100091d0 f   KDrawSpriteAlpha.obj
 0001:000084b0       ??0KDirectSound@@QAE@XZ    100094b0 f   KDSound.obj
 0001:000084d0       ??1KDirectSound@@QAE@XZ    100094d0 f   KDSound.obj
 0001:000084e0       ?Init@KDirectSound@@QAEHXZ 100094e0 f   KDSound.obj
 0001:00008520       ?Exit@KDirectSound@@QAEXXZ 10009520 f   KDSound.obj
 0001:00008560       ?CreateDirectSound@KDirectSound@@AAEHXZ 10009560 f   KDSound.obj
 0001:000085b0       ?CreatePrimarySoundBuffer@KDirectSound@@AAEHXZ 100095b0 f   KDSound.obj
 0001:00008670       ??0KScript@@QAE@ABV0@@Z    10009670 f i KEicScript.obj
 0001:00008680       ??4KScript@@QAEAAV0@ABV0@@Z 10009680 f i KEicScript.obj
 0001:00008690       ??_GKScript@@UAEPAXI@Z     10009690 f i KEicScript.obj
 0001:000086b0       ??_EKScript@@UAEPAXI@Z     100096b0 f i KEicScript.obj
 0001:00008710       ??0KEicScript@@QAE@XZ      10009710 f i KEicScript.obj
 0001:00008730       ??0KEicScript@@QAE@ABV0@@Z 10009730 f i KEicScript.obj
 0001:00008760       ??4KEicScript@@QAEAAV0@ABV0@@Z 10009760 f i KEicScript.obj
 0001:00008790       ??1KEicScript@@UAE@XZ      10009790 f i KEicScript.obj
 0001:000087a0       ??_GKEicScript@@UAEPAXI@Z  100097a0 f i KEicScript.obj
 0001:000087c0       ??_EKEicScript@@UAEPAXI@Z  100097c0 f i KEicScript.obj
 0001:00008820       ?Init@KEicScript@@UAEHXZ   10009820 f   KEicScript.obj
 0001:00008940       ?Exit@KEicScript@@UAEXXZ   10009940 f   KEicScript.obj
 0001:00008950       ?Load@KEicScript@@UAEHPAD@Z 10009950 f   KEicScript.obj
 0001:00008980       ?Compile@KEicScript@@UAEHPAD@Z 10009980 f   KEicScript.obj
 0001:00008990       ?Execute@KEicScript@@UAEHHPAPAD@Z 10009990 f   KEicScript.obj
 0001:000089c0       ?RegisterFunction@KEicScript@@UAEHPADPAX@Z 100099c0 f   KEicScript.obj
 0001:000089d0       ?Activate@KLuaScript@@QAEHXZ 100099d0 f i KEicScriptSet.obj
 0001:000089e0       ?SetScriptName@KLuaScript@@UAEXPAD@Z 100099e0 f i KEicScriptSet.obj
 0001:00008a10       ?GetUserTag@KLuaScript@@QAEHXZ 10009a10 f i KEicScriptSet.obj
 0001:00008a20       ?SetTableMember@KLuaScript@@QAEXHHPBD@Z 10009a20 f i KEicScriptSet.obj
 0001:00008a40       ?SetTableMember@KLuaScript@@QAEXHHN@Z 10009a40 f i KEicScriptSet.obj
 0001:00008a70       ?SetTableMember@KLuaScript@@QAEXHHH@Z 10009a70 f i KEicScriptSet.obj
 0001:00008a90       ?SetTableMember@KLuaScript@@QAEXHPBDP6AHPAUlua_State@@@Z@Z 10009a90 f i KEicScriptSet.obj
 0001:00008ab0       ?SetTableMember@KLuaScript@@QAEXHHP6AHPAUlua_State@@@Z@Z 10009ab0 f i KEicScriptSet.obj
 0001:00008ad0       ?SetTableMember@KLuaScript@@QAEXHPBDPAD@Z 10009ad0 f i KEicScriptSet.obj
 0001:00008af0       ?SetTableMember@KLuaScript@@QAEXHPBDH@Z 10009af0 f i KEicScriptSet.obj
 0001:00008b10       ?SetTableMember@KLuaScript@@QAEXHPBDN@Z 10009b10 f i KEicScriptSet.obj
 0001:00008b40       ??0KLuaScript@@QAE@ABV0@@Z 10009b40 f i KEicScriptSet.obj
 0001:00008b80       ??4KLuaScript@@QAEAAV0@ABV0@@Z 10009b80 f i KEicScriptSet.obj
 0001:00008bc0       ??_GKLuaScript@@UAEPAXI@Z  10009bc0 f i KEicScriptSet.obj
 0001:00008be0       ??_EKLuaScript@@UAEPAXI@Z  10009be0 f i KEicScriptSet.obj
 0001:00008c40       ?GetCount@KScriptSet@@QAEKXZ 10009c40 f i KEicScriptSet.obj
 0001:00008c50       ?GetKeyStyle@KScriptSet@@QAEHXZ 10009c50 f i KEicScriptSet.obj
 0001:00008c60       ?GetScriptFileNameFromKey@KScriptSet@@UAEPADPAD@Z 10009c60 f i KEicScriptSet.obj
 0001:00008c70       ?GetScriptFileNameFromKey@KScriptSet@@UAEPADK@Z 10009c70 f i KEicScriptSet.obj
 0001:00008c80       ??0KScriptSet@@QAE@ABV0@@Z 10009c80 f i KEicScriptSet.obj
 0001:00008cb0       ??4KScriptSet@@QAEAAV0@ABV0@@Z 10009cb0 f i KEicScriptSet.obj
 0001:00008ce0       ??0KEicScriptSet@@QAE@ABV0@@Z 10009ce0 f i KEicScriptSet.obj
 0001:00008d10       ??4KEicScriptSet@@QAEAAV0@ABV0@@Z 10009d10 f i KEicScriptSet.obj
 0001:00008d40       ??0KEicScriptSet@@QAE@XZ   10009d40 f   KEicScriptSet.obj
 0001:00008d60       ??1KEicScriptSet@@QAE@XZ   10009d60 f   KEicScriptSet.obj
 0001:00008d70       ?g_InitEngine@@YAHXZ       10009d70 f   KEngine.obj
 0001:00008dd0       ?g_ExitEngine@@YAXXZ       10009dd0 f   KEngine.obj
 0001:00008e00       ??4KEvent@@QAEAAV0@ABV0@@Z 10009e00 f i KEvent.obj
 0001:00008e10       ??0KEvent@@QAE@XZ          10009e10 f   KEvent.obj
 0001:00008e40       ??1KEvent@@QAE@XZ          10009e40 f   KEvent.obj
 0001:00008e50       ?Signal@KEvent@@QAEXXZ     10009e50 f i KEvent.obj
 0001:00008e60       ?Wait@KEvent@@QAEXXZ       10009e60 f i KEvent.obj
 0001:00008e70       ?TimedWait@KEvent@@QAE_NJ@Z 10009e70 f i KEvent.obj
 0001:00008e90       ??0KFile@@QAE@XZ           10009e90 f   KFile.obj
 0001:00008eb0       ??1KFile@@QAE@XZ           10009eb0 f   KFile.obj
 0001:00008ec0       ?Open@KFile@@QAEHPAD@Z     10009ec0 f   KFile.obj
 0001:00008f20       ?Create@KFile@@QAEHPAD@Z   10009f20 f   KFile.obj
 0001:00008f90       ?Append@KFile@@QAEHPAD@Z   10009f90 f   KFile.obj
 0001:00009020       ?Close@KFile@@QAEXXZ       1000a020 f   KFile.obj
 0001:00009050       ?Read@KFile@@QAEKPAXK@Z    1000a050 f   KFile.obj
 0001:00009090       ?Write@KFile@@QAEKPAXK@Z   1000a090 f   KFile.obj
 0001:000090d0       ?Seek@KFile@@QAEKJK@Z      1000a0d0 f   KFile.obj
 0001:00009100       ?Tell@KFile@@QAEKXZ        1000a100 f   KFile.obj
 0001:00009110       ?Size@KFile@@QAEKXZ        1000a110 f   KFile.obj
 0001:00009140       ?g_DeleteFiles@@YAXPAD0@Z  1000a140 f   KFileCopy.obj
 0001:00009270       ?g_UpdateFiles@@YAXPAD0@Z  1000a270 f   KFileCopy.obj
 0001:000093f0       ??0KFileDialog@@QAE@XZ     1000a3f0 f   KFileDialog.obj
 0001:00009480       ?SetTitle@KFileDialog@@QAEXPAD@Z 1000a480 f   KFileDialog.obj
 0001:000094a0       ?SetFlags@KFileDialog@@QAEXK@Z 1000a4a0 f   KFileDialog.obj
 0001:000094b0       ?SetFilter@KFileDialog@@QAEXPAD@Z 1000a4b0 f   KFileDialog.obj
 0001:000094f0       ?SetDefExt@KFileDialog@@QAEXPAD@Z 1000a4f0 f   KFileDialog.obj
 0001:00009510       ?SetFilePath@KFileDialog@@QAEXPAD@Z 1000a510 f   KFileDialog.obj
 0001:00009550       ?SetFileName@KFileDialog@@QAEXPAD@Z 1000a550 f   KFileDialog.obj
 0001:00009570       ?SetFileTitle@KFileDialog@@QAEXPAD@Z 1000a570 f   KFileDialog.obj
 0001:00009590       ?Open@KFileDialog@@QAEHXZ  1000a590 f   KFileDialog.obj
 0001:000095d0       ?Save@KFileDialog@@QAEHXZ  1000a5d0 f   KFileDialog.obj
 0001:00009610       ?RemoveTwoPointPath@@YAHPADH@Z 1000a610 f   KFilePath.obj
 0001:00009680       ?RemoveOnePointPath@@YAHPADH@Z 1000a680 f   KFilePath.obj
 0001:000096e0       ?RemoveAllPointPath@@YAHPADH@Z 1000a6e0 f   KFilePath.obj
 0001:00009700       ?g_SetRootPath@@YAXPAD@Z   1000a700 f   KFilePath.obj
 0001:00009760       ?g_GetRootPath@@YAXPAD@Z   1000a760 f   KFilePath.obj
 0001:00009780       ?g_SetFilePath@@YAXPAD@Z   1000a780 f   KFilePath.obj
 0001:000097d0       ?g_GetFilePath@@YAXPAD@Z   1000a7d0 f   KFilePath.obj
 0001:000097f0       ?g_GetFullPath@@YAXPAD0@Z  1000a7f0 f   KFilePath.obj
 0001:000098a0       ?g_GetHalfPath@@YAXPAD0@Z  1000a8a0 f   KFilePath.obj
 0001:000098f0       ?g_GetPackPath@@YAXPAD0@Z  1000a8f0 f   KFilePath.obj
 0001:00009940       ?g_GetDiskPath@@YAXPAD0@Z  1000a940 f   KFilePath.obj
 0001:000099b0       ?g_CreatePath@@YAXPAD@Z    1000a9b0 f   KFilePath.obj
 0001:00009ac0       ?g_FileExists@@YAHPAD@Z    1000aac0 f   KFilePath.obj
 0001:00009b10       ?g_FileName2Id@@YAKPAD@Z   1000ab10 f   KFilePath.obj
 0001:00009b60       ?g_ChangeFileExt@@YAXPAD0@Z 1000ab60 f   KFilePath.obj
 0001:00009bb0       ?g_ExtractFileName@@YAXPAD0@Z 1000abb0 f   KFilePath.obj
 0001:00009bf0       ?g_ExtractFilePath@@YAXPAD0@Z 1000abf0 f   KFilePath.obj
 0001:00009c30       ??0KFindBinTreeNode@@QAE@XZ 1000ac30 f i KFindBinTree.obj
 0001:00009c50       ??1KFindBinTreeNode@@QAE@XZ 1000ac50 f i KFindBinTree.obj
 0001:00009c90       ?CanInsert@KFindBinTreeNode@@QAEHXZ 1000ac90 f i KFindBinTree.obj
 0001:00009cb0       ?GetRef@KFindBinTreeNode@@QBEHXZ 1000acb0 f i KFindBinTree.obj
 0001:00009cc0       ??4KFindBinTreeNode@@QAEAAV0@ABV0@@Z 1000acc0 f i KFindBinTree.obj
 0001:00009ce0       ??0KFindBinTree@@QAE@XZ    1000ace0 f i KFindBinTree.obj
 0001:00009cf0       ??1KFindBinTree@@QAE@XZ    1000acf0 f i KFindBinTree.obj
 0001:00009d20       ??_GKFindBinTreeNode@@QAEPAXI@Z 1000ad20 f i KFindBinTree.obj
 0001:00009d60       ?GetCount@KFindBinTree@@QAEHXZ 1000ad60 f i KFindBinTree.obj
 0001:00009d70       ??4KFindBinTree@@QAEAAV0@ABV0@@Z 1000ad70 f i KFindBinTree.obj
 0001:00009d90       ?Init@KFindBinTreeNode@@QAEXH@Z 1000ad90 f   KFindBinTree.obj
 0001:00009e20       ?Insert@KFindBinTreeNode@@QAEHH@Z 1000ae20 f   KFindBinTree.obj
 0001:00009e70       ?Remove@KFindBinTreeNode@@QAEXHH@Z 1000ae70 f   KFindBinTree.obj
 0001:00009eb0       ?Init@KFindBinTree@@QAEXH@Z 1000aeb0 f   KFindBinTree.obj
 0001:00009f00       ?FindFree@KFindBinTree@@QAEHXZ 1000af00 f   KFindBinTree.obj
 0001:00009f20       ?Remove@KFindBinTree@@QAEXH@Z 1000af20 f   KFindBinTree.obj
 0001:00009f40       ??0KFont@@QAE@XZ           1000af40 f   KFont.obj
 0001:00009f90       ??1KFont@@QAE@XZ           1000af90 f   KFont.obj
 0001:00009fe0       ?Clear@KFont@@QAEXXZ       1000afe0 f   KFont.obj
 0001:0000a010       ?SetCharaset@KFont@@QAEXW4CHARASET@@@Z 1000b010 f   KFont.obj
 0001:0000a020       ?Load@KFont@@QAEHPADW4CHARASET@@@Z 1000b020 f   KFont.obj
 0001:0000a180       ?Save@KFont@@QAEHPAD@Z     1000b180 f   KFont.obj
 0001:0000a2a0       ?DrawFont@KFont@@IAEXHHH@Z 1000b2a0 f   KFont.obj
 0001:0000a300       ?DrawFontAlpha@KFont@@IAEXHHHH@Z 1000b300 f   KFont.obj
 0001:0000a380       ?DrawWord@KFont@@QAEXHHHH@Z 1000b380 f   KFont.obj
 0001:0000a480       ?DrawTextA@KFont@@QAEXHHPAD@Z 1000b480 f   KFont.obj
 0001:0000a600       ?DrawTextAlpha@KFont@@QAEXHHHPAD@Z 1000b600 f   KFont.obj
 0001:0000a790       ?SetColor@KFont@@QAEXEEE@Z 1000b790 f   KFont.obj
 0001:0000a7d0       ?SetLine@KFont@@QAEXHH@Z   1000b7d0 f   KFont.obj
 0001:0000a7f0       ?MakeText@KFont@@QAEXPAD@Z 1000b7f0 f   KFont.obj
 0001:0000a930       ?MakeFont@KFont@@QAEHPADHH@Z 1000b930 f   KFont.obj
 0001:0000aaf0       ?AddWord@KFont@@IAEHHPAE@Z 1000baf0 f   KFont.obj
 0001:0000ab90       ?GetFontRect@KFont@@IAEHHHPAVKBitmap@@PAE@Z 1000bb90 f   KFont.obj
 0001:0000abe0       ?GetFontLine@KFont@@IAEHHHPAVKBitmap@@PAE@Z 1000bbe0 f   KFont.obj
 0001:0000ac60       ??4KGifFile@@QAEAAV0@ABV0@@Z 1000bc60 f i KGifFile.obj
 0001:0000ac80       ??1KGifFile@@QAE@XZ        1000bc80 f i KGifFile.obj
 0001:0000ac90       ??0KGifFile@@QAE@XZ        1000bc90 f   KGifFile.obj
 0001:0000acb0       ?read_byte@KGifFile@@AAEEXZ 1000bcb0 f   KGifFile.obj
 0001:0000acd0       ?read_word@KGifFile@@AAEGXZ 1000bcd0 f   KGifFile.obj
 0001:0000acf0       ?read_header@KGifFile@@AAEHXZ 1000bcf0 f   KGifFile.obj
 0001:0000adf0       ?read_color_table@KGifFile@@AAEHXZ 1000bdf0 f   KGifFile.obj
 0001:0000ae40       ?read_image_desc@KGifFile@@AAEHXZ 1000be40 f   KGifFile.obj
 0001:0000aed0       ?read_extension@KGifFile@@AAEHXZ 1000bed0 f   KGifFile.obj
 0001:0000af60       ?Open@KGifFile@@QAEHPADPAVKBitmap@@@Z 1000bf60 f   KGifFile.obj
 0001:0000b0f0       ?FirstImage@KGifFile@@QAEHXZ 1000c0f0 f   KGifFile.obj
 0001:0000b100       ?NextImage@KGifFile@@QAEHXZ 1000c100 f   KGifFile.obj
 0001:0000b1b0       ?lzw_decode@KGifFile@@AAEXXZ 1000c1b0 f   KGifFile.obj
 0001:0000b450       ?clear_table@KGifFile@@AAEXXZ 1000c450 f   KGifFile.obj
 0001:0000b480       ?get_code@KGifFile@@AAEXXZ 1000c480 f   KGifFile.obj
 0001:0000b600       ?get_string@KGifFile@@AAEXH@Z 1000c600 f   KGifFile.obj
 0001:0000b660       ?output_string@KGifFile@@AAEXXZ 1000c660 f   KGifFile.obj
 0001:0000b760       ?g_RemoveSamePixel@@YAHPAVKBitmap@@0@Z 1000c760 f   KGraphics.obj
 0001:0000b7e0       ?g_RemoveDiffPixel@@YAHPAVKBitmap@@0@Z 1000c7e0 f   KGraphics.obj
 0001:0000b860       ?g_RemoveNoneZeroPixel@@YAHPAVKBitmap@@0@Z 1000c860 f   KGraphics.obj
 0001:0000b8f0       ?g_RemoveZeroPixel@@YAHPAVKBitmap@@0@Z 1000c8f0 f   KGraphics.obj
 0001:0000b980       ??0KHashList@@QAE@ABV0@@Z  1000c980 f i KHashList.obj
 0001:0000b9b0       ??4KHashList@@QAEAAV0@ABV0@@Z 1000c9b0 f i KHashList.obj
 0001:0000b9e0       ??1KHashList@@QAE@XZ       1000c9e0 f i KHashList.obj
 0001:0000b9f0       ??0KHashList@@QAE@XZ       1000c9f0 f   KHashList.obj
 0001:0000ba20       ??0KHashTable@@QAE@XZ      1000ca20 f i KHashNode.obj
 0001:0000ba80       ??0KHashTable@@QAE@ABV0@@Z 1000ca80 f i KHashNode.obj
 0001:0000bae0       ??4KHashTable@@QAEAAV0@ABV0@@Z 1000cae0 f i KHashNode.obj
 0001:0000bb30       ??1KHashTable@@QAE@XZ      1000cb30 f i KHashNode.obj
 0001:0000bb90       ?SetHashTable@KHashNode@@QAEXPAVKHashTable@@@Z 1000cb90 f i KHashNode.obj
 0001:0000bba0       ??0KHashNode@@QAE@ABV0@@Z  1000cba0 f i KHashNode.obj
 0001:0000bbe0       ??4KHashNode@@QAEAAV0@ABV0@@Z 1000cbe0 f i KHashNode.obj
 0001:0000bc20       ??1KHashNode@@UAE@XZ       1000cc20 f i KHashNode.obj
 0001:0000bc30       ??_GKHashNode@@UAEPAXI@Z   1000cc30 f i KHashNode.obj
 0001:0000bc50       ??_EKHashNode@@UAEPAXI@Z   1000cc50 f i KHashNode.obj
 0001:0000bcb0       ??0KHashNode@@QAE@XZ       1000ccb0 f   KHashNode.obj
 0001:0000bcd0       ?SetName@KHashNode@@UAEXPAD@Z 1000ccd0 f   KHashNode.obj
 0001:0000bd30       ?g_Hash@@YAKPAD@Z          1000cd30 f   KHashTable.obj
 0001:0000bd60       ?Add@KHashTable@@QAEXPAVKStrNode@@@Z 1000cd60 f   KHashTable.obj
 0001:0000be10       ?Delete@KHashTable@@QAEXPAD@Z 1000ce10 f   KHashTable.obj
 0001:0000be50       ?Find@KHashTable@@QAEPAVKStrNode@@PAD@Z 1000ce50 f   KHashTable.obj
 0001:0000be80       ??4KIme@@QAEAAV0@ABV0@@Z   1000ce80 f i Kime.obj
 0001:0000be90       ??0KIme@@QAE@XZ            1000ce90 f   Kime.obj
 0001:0000bea0       ??1KIme@@QAE@XZ            1000cea0 f   Kime.obj
 0001:0000beb0       ?ResetIme@KIme@@QAEXXZ     1000ceb0 f   Kime.obj
 0001:0000bec0       ?IsIme@KIme@@QAEHXZ        1000cec0 f   Kime.obj
 0001:0000bef0       ?OpenIME@KIme@@QAEXXZ      1000cef0 f   Kime.obj
 0001:0000bf40       ?CloseIME@KIme@@QAEXXZ     1000cf40 f   Kime.obj
 0001:0000bf90       ?TurnOff@KIme@@QAEXXZ      1000cf90 f   Kime.obj
 0001:0000bfa0       ?TurnOn@KIme@@QAEXXZ       1000cfa0 f   Kime.obj
 0001:0000bfb0       ?EnableLanguageChange@KIme@@QAEXXZ 1000cfb0 f   Kime.obj
 0001:0000bfc0       ?DisableLanguageChange@KIme@@QAEXXZ 1000cfc0 f   Kime.obj
 0001:0000bfd0       ?WndMsg@KIme@@QAEHPAUHWND__@@IIJ@Z 1000cfd0 f   Kime.obj
 0001:0000c010       ?g_SetIniCodec@@YAXH@Z     1000d010 f   KIniFile.obj
 0001:0000c020       ??0KIniFile@@QAE@XZ        1000d020 f   KIniFile.obj
 0001:0000c070       ??1KIniFile@@QAE@XZ        1000d070 f   KIniFile.obj
 0001:0000c0c0       ?Load@KIniFile@@QAEHPBD@Z  1000d0c0 f   KIniFile.obj
 0001:0000c1e0       ?LoadPack@KIniFile@@QAEHPBD@Z 1000d1e0 f   KIniFile.obj
 0001:0000c3f0       ?Save@KIniFile@@QAEHPBD@Z  1000d3f0 f   KIniFile.obj
 0001:0000c540       ?SavePack@KIniFile@@QAEHPBD@Z 1000d540 f   KIniFile.obj
 0001:0000c720       ?Clear@KIniFile@@QAEXXZ    1000d720 f   KIniFile.obj
 0001:0000c730       ?ReadLine@KIniFile@@AAEHPADJ@Z 1000d730 f   KIniFile.obj
 0001:0000c780       ?IsKeyChar@KIniFile@@AAEHD@Z 1000d780 f   KIniFile.obj
 0001:0000c7c0       ?CreateIniLink@KIniFile@@AAEXPAXJ@Z 1000d7c0 f   KIniFile.obj
 0001:0000c870       ?ReleaseIniLink@KIniFile@@AAEXXZ 1000d870 f   KIniFile.obj
 0001:0000c900       ?SplitKeyValue@KIniFile@@AAEPADPAD@Z 1000d900 f   KIniFile.obj
 0001:0000c920       ?String2Id@KIniFile@@AAEKPBD@Z 1000d920 f   KIniFile.obj
 0001:0000c970       ?IsSectionExist@KIniFile@@QAEHPBD@Z 1000d970 f   KIniFile.obj
 0001:0000ca00       ?EraseSection@KIniFile@@QAEXPBD@Z 1000da00 f   KIniFile.obj
 0001:0000cad0       ?EraseKey@KIniFile@@QAEXPBD0@Z 1000dad0 f   KIniFile.obj
 0001:0000cbb0       ?SetKeyValue@KIniFile@@AAEHPBD00@Z 1000dbb0 f   KIniFile.obj
 0001:0000cd70       ?GetKeyValue@KIniFile@@AAEHPBD0PADK@Z 1000dd70 f   KIniFile.obj
 0001:0000ce60       ?GetString@KIniFile@@QAEHPBD00PADK@Z 1000de60 f   KIniFile.obj
 0001:0000cea0       ?GetInteger@KIniFile@@QAEHPBD0HPAH@Z 1000dea0 f   KIniFile.obj
 0001:0000cef0       ?GetInteger2@KIniFile@@QAEXPBD0PAH1@Z 1000def0 f   KIniFile.obj
 0001:0000cf60       ?GetFloat@KIniFile@@QAEHPBD0MPAM@Z 1000df60 f   KIniFile.obj
 0001:0000cfb0       ?GetFloat2@KIniFile@@QAEXPBD0PAM1@Z 1000dfb0 f   KIniFile.obj
 0001:0000d020       ?GetStruct@KIniFile@@QAEXPBD0PAXK@Z 1000e020 f   KIniFile.obj
 0001:0000d0c0       ?WriteString@KIniFile@@QAEXPBD00@Z 1000e0c0 f   KIniFile.obj
 0001:0000d0e0       ?WriteInteger@KIniFile@@QAEXPBD0H@Z 1000e0e0 f   KIniFile.obj
 0001:0000d120       ?WriteInteger2@KIniFile@@QAEXPBD0HH@Z 1000e120 f   KIniFile.obj
 0001:0000d160       ?WriteFloat@KIniFile@@QAEXPBD0M@Z 1000e160 f   KIniFile.obj
 0001:0000d1a0       ?WriteFloat2@KIniFile@@QAEXPBD0MM@Z 1000e1a0 f   KIniFile.obj
 0001:0000d1f0       ?WriteStruct@KIniFile@@QAEXPBD0PAXK@Z 1000e1f0 f   KIniFile.obj
 0001:0000d280       ?GetNextSection@KIniFile@@QAEHPBDPAD@Z 1000e280 f   KIniFile.obj
 0001:0000d370       ?GetNextKey@KIniFile@@QAEHPBD0PAD@Z 1000e370 f   KIniFile.obj
 0001:0000d490       ?GetSectionCount@KIniFile@@QAEHXZ 1000e490 f   KIniFile.obj
 0001:0000d510       ?GetRect@KIniFile@@QAEXPBD0PAUtagRECT@@@Z 1000e510 f   KIniFile.obj
 0001:0000d570       ?GetFloat3@KIniFile@@QAEXPBD0PAM@Z 1000e570 f   KIniFile.obj
 0001:0000d5d0       ?GetFloat4@KIniFile@@QAEXPBD0PAM@Z 1000e5d0 f   KIniFile.obj
 0001:0000d630       ?GetBool@KIniFile@@QAEXPBD0PAH@Z 1000e630 f   KIniFile.obj
 0001:0000d660       ??0KJpgFile@@QAE@XZ        1000e660 f i KJpgFile.obj
 0001:0000d670       ??4KJpgFile@@QAEAAV0@ABV0@@Z 1000e670 f i KJpgFile.obj
 0001:0000d690       ??1KJpgFile@@QAE@XZ        1000e690 f i KJpgFile.obj
 0001:0000d6a0       ?Load@KJpgFile@@QAEHPADPAVKBitmap16@@@Z 1000e6a0 f   KJpgFile.obj
 0001:0000d870       ?GetFuncKey@KKeyboard@@QAEEXZ 1000e870 f i KKeyboard.obj
 0001:0000d880       ??4KKeyboard@@QAEAAV0@ABV0@@Z 1000e880 f i KKeyboard.obj
 0001:0000d8a0       ??0KKeyboard@@QAE@XZ       1000e8a0 f   KKeyboard.obj
 0001:0000d8d0       ?UpdateState@KKeyboard@@QAEXXZ 1000e8d0 f   KKeyboard.obj
 0001:0000d920       ?IsDown@KKeyboard@@QAEHE@Z 1000e920 f   KKeyboard.obj
 0001:0000d940       ?MakeFuncKey@KKeyboard@@IAEXXZ 1000e940 f   KKeyboard.obj
 0001:0000d990       ?MakeMessage@KKeyboard@@IAEXH@Z 1000e990 f   KKeyboard.obj
 0001:0000da00       ??0KLinkArray@@QAE@XZ      1000ea00 f i KLinkArray.obj
 0001:0000da10       ?GetNext@KLinkArray@@QBEHH@Z 1000ea10 f i KLinkArray.obj
 0001:0000da30       ?GetPrev@KLinkArray@@QBEHH@Z 1000ea30 f i KLinkArray.obj
 0001:0000da50       ??4KLinkArray@@QAEAAV0@ABV0@@Z 1000ea50 f i KLinkArray.obj
 0001:0000da60       ??1KLinkArray@@QAE@XZ      1000ea60 f   KLinkArray.obj
 0001:0000da80       ?Init@KLinkArray@@QAEXH@Z  1000ea80 f   KLinkArray.obj
 0001:0000dae0       ??_H@YGXPAXIHP6EX0@Z@Z     1000eae0 f i KLinkArray.obj
 0001:0000db10       ?Remove@KLinkArray@@QAEXH@Z 1000eb10 f   KLinkArray.obj
 0001:0000db80       ?Insert@KLinkArray@@QAEXH@Z 1000eb80 f   KLinkArray.obj
 0001:0000dbe0       ??0KLuaScript@@QAE@XZ      1000ebe0 f   KLuaScript.obj
 0001:0000dc70       ??0KLuaScript@@QAE@H@Z     1000ec70 f   KLuaScript.obj
 0001:0000dd00       ??1KLuaScript@@UAE@XZ      1000ed00 f   KLuaScript.obj
 0001:0000dd50       ?LoadBuffer@KLuaScript@@QAEHPAEK@Z 1000ed50 f   KLuaScript.obj
 0001:0000dd90       ?Load@KLuaScript@@UAEHPAD@Z 1000ed90 f   KLuaScript.obj
 0001:0000def0       ?Execute@KLuaScript@@UAEHXZ 1000eef0 f   KLuaScript.obj
 0001:0000df20       ?ExecuteCode@KLuaScript@@QAEHXZ 1000ef20 f   KLuaScript.obj
 0001:0000df70       ?CallFunction@KLuaScript@@AAEHPADH00@Z 1000ef70 f   KLuaScript.obj
 0001:0000e150       ?CallFunction@KLuaScript@@UAAHPADH0ZZ 1000f150 f   KLuaScript.obj
 0001:0000e170       ?GetValuesFromStack@KLuaScript@@QAAHPADZZ 1000f170 f   KLuaScript.obj
 0001:0000e270       ?Init@KLuaScript@@UAEHXZ   1000f270 f   KLuaScript.obj
 0001:0000e2d0       ?RegisterFunction@KLuaScript@@UAEHPADPAX@Z 1000f2d0 f   KLuaScript.obj
 0001:0000e310       ?Compile@KLuaScript@@UAEHPAD@Z 1000f310 f   KLuaScript.obj
 0001:0000e320       ?RegisterFunctions@KLuaScript@@QAEHQAUTLua_Funcs@@H@Z 1000f320 f   KLuaScript.obj
 0001:0000e380       ?RegisterStandardFunctions@KLuaScript@@QAEXXZ 1000f380 f   KLuaScript.obj
 0001:0000e3c0       ?Exit@KLuaScript@@UAEXXZ   1000f3c0 f   KLuaScript.obj
 0001:0000e3f0       ?ScriptError@KLuaScript@@QAEXH@Z 1000f3f0 f   KLuaScript.obj
 0001:0000e430       ?ScriptError@KLuaScript@@QAEXHH@Z 1000f430 f   KLuaScript.obj
 0001:0000e470       ?SafeCallBegin@KLuaScript@@QAEXPAH@Z 1000f470 f   KLuaScript.obj
 0001:0000e490       ?SafeCallEnd@KLuaScript@@QAEXH@Z 1000f490 f   KLuaScript.obj
 0001:0000e4b0       ?Stop@KLuaScript@@QAEHXZ   1000f4b0 f   KLuaScript.obj
 0001:0000e4d0       ?Resume@KLuaScript@@QAEHXZ 1000f4d0 f   KLuaScript.obj
 0001:0000e4f0       ?CreateTable@KLuaScript@@QAEKXZ 1000f4f0 f   KLuaScript.obj
 0001:0000e530       ?SetGlobalName@KLuaScript@@QAEXPAD@Z 1000f530 f   KLuaScript.obj
 0001:0000e550       ?ModifyTable@KLuaScript@@QAEKPAD@Z 1000f550 f   KLuaScript.obj
 0001:0000e5b0       ?GetMemPtr@KMemClass1@@QAEPAXXZ 1000f5b0 f i KLubCmpl_Blocker.obj
 0001:0000e5c0       ?GetMemLen@KMemClass1@@QAEKXZ 1000f5c0 f i KLubCmpl_Blocker.obj
 0001:0000e5d0       ??4KMemClass1@@QAEAAV0@ABV0@@Z 1000f5d0 f i KLubCmpl_Blocker.obj
 0001:0000e5f0       ?ScanIf@KLubCmpl_Blocker@@QAEXPAVKLineNode@@@Z 1000f5f0 f   KLubCmpl_Blocker.obj
 0001:0000e8c0       ??_GKStackNode@@UAEPAXI@Z  1000f8c0 f i KLubCmpl_Blocker.obj
 0001:0000e8c0       ??_EKStackNode@@UAEPAXI@Z  1000f8c0 f i KLubCmpl_Blocker.obj
 0001:0000e8e0       ??1KStackNode@@UAE@XZ      1000f8e0 f i KLubCmpl_Blocker.obj
 0001:0000e8f0       ?ExchangeCurLines@KLubCmpl_Blocker@@QAEHXZ 1000f8f0 f   KLubCmpl_Blocker.obj
 0001:0000f520       ?Remove@KNode@@QAEXXZ      10010520 f i KLubCmpl_Blocker.obj
 0001:0000f550       ??_GKLineNode@@UAEPAXI@Z   10010550 f i KLubCmpl_Blocker.obj
 0001:0000f550       ??_EKLineNode@@UAEPAXI@Z   10010550 f i KLubCmpl_Blocker.obj
 0001:0000f570       ??1KLineNode@@UAE@XZ       10010570 f i KLubCmpl_Blocker.obj
 0001:0000f580       ?Load@KLubCmpl_Blocker@@QAEPAVKLineNode@@PAD@Z 10010580 f   KLubCmpl_Blocker.obj
 0001:0000f790       ?PushKey@KLubCmpl_Blocker@@QAEXPAVKStackNode@@@Z 10010790 f   KLubCmpl_Blocker.obj
 0001:0000f7e0       ?PopKey@KLubCmpl_Blocker@@QAEPAVKStackNode@@XZ 100107e0 f   KLubCmpl_Blocker.obj
 0001:0000f850       ?GetBuffer@KLubCmpl_Blocker@@QAEHAAPAVKMemClass1@@@Z 10010850 f   KLubCmpl_Blocker.obj
 0001:0000f9a0       ?Write@KLubCmpl_Blocker@@QAEHPAD@Z 100109a0 f   KLubCmpl_Blocker.obj
 0001:0000fad0       ?Print@KLubCmpl_Blocker@@QAEXXZ 10010ad0 f   KLubCmpl_Blocker.obj
 0001:0000fb60       ??1KMemList@@QAE@XZ        10010b60 f i KMemBase.obj
 0001:0000fbe0       ??1KList@@QAE@XZ           10010be0 f i KMemBase.obj
 0001:0000fbf0       ??0KMemList@@QAE@XZ        10010bf0 f i KMemBase.obj
 0001:0000fc20       ?g_MemInfo@@YAXXZ          10010c20 f   KMemBase.obj
 0001:0000fc70       ?g_MemAlloc@@YAPAXK@Z      10010c70 f   KMemBase.obj
 0001:0000fcf0       ?g_MemFree@@YAXPAX@Z       10010cf0 f   KMemBase.obj
 0001:0000fd60       ?g_MemCopy@@YAXPAX0K@Z     10010d60 f   KMemBase.obj
 0001:0000fd90       ?g_MemCopyMmx@@YAXPAX0K@Z  10010d90 f   KMemBase.obj
 0001:0000fdd0       ?g_MemComp@@YAHPAX0K@Z     10010dd0 f   KMemBase.obj
 0001:0000fe00       ?g_MemFill@@YAXPAXKE@Z     10010e00 f   KMemBase.obj
 0001:0000fe30       ?g_MemFill@@YAXPAXKG@Z     10010e30 f   KMemBase.obj
 0001:0000fe60       ?g_MemFill@@YAXPAXKK@Z     10010e60 f   KMemBase.obj
 0001:0000fe80       ?g_MemZero@@YAXPAXK@Z      10010e80 f   KMemBase.obj
 0001:0000fea0       ?g_MemXore@@YAXPAXKK@Z     10010ea0 f   KMemBase.obj
 0001:0000fec0       ??0KMemClass@@QAE@XZ       10010ec0 f   KMemClass.obj
 0001:0000fed0       ??1KMemClass@@QAE@XZ       10010ed0 f   KMemClass.obj
 0001:0000fee0       ?Alloc@KMemClass@@QAEPAXK@Z 10010ee0 f   KMemClass.obj
 0001:0000ff20       ?Free@KMemClass@@QAEXXZ    10010f20 f   KMemClass.obj
 0001:0000ff50       ?Zero@KMemClass@@QAEXXZ    10010f50 f   KMemClass.obj
 0001:0000ff70       ?Fill@KMemClass@@QAEXE@Z   10010f70 f   KMemClass.obj
 0001:0000ff90       ?Fill@KMemClass@@QAEXG@Z   10010f90 f   KMemClass.obj
 0001:0000ffb0       ?Fill@KMemClass@@QAEXK@Z   10010fb0 f   KMemClass.obj
 0001:0000ffd0       ?Alloc@KMemClass1@@QAEPAXK@Z 10010fd0 f   KMemClass1.obj
 0001:0000fff0       ?Free@KMemClass1@@QAEXXZ   10010ff0 f   KMemClass1.obj
 0001:00010040       ??0KMemManager@@QAE@XZ     10011040 f   KMemManager.obj
 0001:000100c0       ??1KMemManager@@QAE@XZ     100110c0 f   KMemManager.obj
 0001:00010150       ?NewChunk@KMemManager@@AAEPAXHH@Z 10011150 f   KMemManager.obj
 0001:000101e0       ?FreeChunk@KMemManager@@AAEXPAUKChunkHeader@1@@Z 100111e0 f   KMemManager.obj
 0001:00010220       ?Malloc@KMemManager@@QAEPAXH@Z 10011220 f   KMemManager.obj
 0001:000102c0       ?Calloc@KMemManager@@QAEPAXH@Z 100112c0 f   KMemManager.obj
 0001:000102e0       ?Free@KMemManager@@QAEXPAX@Z 100112e0 f   KMemManager.obj
 0001:00010360       ??0KMemStack@@QAE@XZ       10011360 f   KMemStack.obj
 0001:00010390       ??1KMemStack@@QAE@XZ       10011390 f   KMemStack.obj
 0001:000103a0       ?Init@KMemStack@@QAEXH@Z   100113a0 f   KMemStack.obj
 0001:000103c0       ?Push@KMemStack@@QAEPAXH@Z 100113c0 f   KMemStack.obj
 0001:00010410       ?Free@KMemStack@@QAEXPAX@Z 10011410 f   KMemStack.obj
 0001:00010420       ?AllocNewChunk@KMemStack@@QAEHXZ 10011420 f   KMemStack.obj
 0001:00010480       ?FreeAllChunks@KMemStack@@QAEXXZ 10011480 f   KMemStack.obj
 0001:000104d0       ?GetChunkSize@KMemStack@@QAEHXZ 100114d0 f   KMemStack.obj
 0001:000104e0       ?GetStackSize@KMemStack@@QAEHXZ 100114e0 f   KMemStack.obj
 0001:00010510       ??0KList@@QAE@XZ           10011510 f i KMessage.obj
 0001:00010560       ?g_SendMessage@@YAXHHHH@Z  10011560 f   KMessage.obj
 0001:000105d0       ?g_PeekMessage@@YAHPAUKMessage@@@Z 100115d0 f   KMessage.obj
 0001:00010610       ?g_GetMessage@@YAHPAUKMessage@@@Z 10011610 f   KMessage.obj
 0001:00010690       ?g_ClearMessage@@YAXXZ     10011690 f   KMessage.obj
 0001:000106c0       ?SetWorkingMode@KMouse@@QAEXE@Z 100116c0 f i KMouse.obj
 0001:000106d0       ?SetKeyState@KMouse@@QAEXE@Z 100116d0 f i KMouse.obj
 0001:000106e0       ??4KMouse@@QAEAAV0@ABV0@@Z 100116e0 f i KMouse.obj
 0001:00010700       ??0KMouse@@QAE@XZ          10011700 f   KMouse.obj
 0001:00010740       ?SetWorkingRect@KMouse@@QAEXPAUtagRECT@@@Z 10011740 f   KMouse.obj
 0001:00010760       ?SetPos@KMouse@@QAEXPAUtagPOINT@@@Z 10011760 f   KMouse.obj
 0001:00010780       ?GetPos@KMouse@@QAEXPAUtagPOINT@@@Z 10011780 f   KMouse.obj
 0001:000107a0       ?UpdateState@KMouse@@QAEXXZ 100117a0 f   KMouse.obj
 0001:00010870       ?MakeMessage@KMouse@@IAEXHHEE@Z 10011870 f   KMouse.obj
 0001:000109c0       ??4KThread@@QAEAAV0@ABV0@@Z 100119c0 f i KMp3Music.obj
 0001:000109f0       ??0KMusic@@QAE@ABV0@@Z     100119f0 f i KMp3Music.obj
 0001:00010a80       ??4KMusic@@QAEAAV0@ABV0@@Z 10011a80 f i KMp3Music.obj
 0001:00010b20       ??_GKMusic@@UAEPAXI@Z      10011b20 f i KMp3Music.obj
 0001:00010b40       ??_EKMusic@@UAEPAXI@Z      10011b40 f i KMp3Music.obj
 0001:00010ba0       ??0KMp3Music@@QAE@XZ       10011ba0 f i KMp3Music.obj
 0001:00010c00       ??0KMp3Music@@QAE@ABV0@@Z  10011c00 f i KMp3Music.obj
 0001:00010ce0       ??4KMp3Music@@QAEAAV0@ABV0@@Z 10011ce0 f i KMp3Music.obj
 0001:00010dd0       ??1KMp3Music@@UAE@XZ       10011dd0 f i KMp3Music.obj
 0001:00010e30       ??_GKMp3Music@@UAEPAXI@Z   10011e30 f i KMp3Music.obj
 0001:00010e50       ??_EKMp3Music@@UAEPAXI@Z   10011e50 f i KMp3Music.obj
 0001:00010eb0       ?Open@KMp3Music@@UAEHPAD@Z 10011eb0 f   KMp3Music.obj
 0001:00010ef0       ?InitSoundFormat@KMp3Music@@MAEXXZ 10011ef0 f   KMp3Music.obj
 0001:00010f10       ?ReadWaveData@KMp3Music@@MAEKPAEK@Z 10011f10 f   KMp3Music.obj
 0001:00010f30       ?Seek@KMp3Music@@UAEXH@Z   10011f30 f   KMp3Music.obj
 0001:00010f40       ?Rewind@KMp3Music@@UAEXXZ  10011f40 f   KMp3Music.obj
 0001:00010f60       ?Mp3FileOpen@KMp3Music@@MAEHPAD@Z 10011f60 f   KMp3Music.obj
 0001:00010f70       ?Mp3FileRead@KMp3Music@@MAEKPAEK@Z 10011f70 f   KMp3Music.obj
 0001:00010f90       ?Mp3FileSeek@KMp3Music@@MAEKJ@Z 10011f90 f   KMp3Music.obj
 0001:00010fb0       ?Mp3Init@KMp3Music@@MAEHXZ 10011fb0 f   KMp3Music.obj
 0001:000110d0       ?Mp3Decode@KMp3Music@@MAEKPAEK@Z 100120d0 f   KMp3Music.obj
 0001:00011150       ?Mp3FillBuffer@KMp3Music@@MAEHXZ 10012150 f   KMp3Music.obj
 0001:000111d0       ??0KMp4Audio@@QAE@XZ       100121d0 f i KMp4Audio.obj
 0001:00011240       ??0KMp4Audio@@QAE@ABV0@@Z  10012240 f i KMp4Audio.obj
 0001:00011340       ??4KMp4Audio@@QAEAAV0@ABV0@@Z 10012340 f i KMp4Audio.obj
 0001:00011440       ??1KMp4Audio@@UAE@XZ       10012440 f i KMp4Audio.obj
 0001:000114b0       ??_GKMp4Audio@@UAEPAXI@Z   100124b0 f i KMp4Audio.obj
 0001:000114d0       ??_EKMp4Audio@@UAEPAXI@Z   100124d0 f i KMp4Audio.obj
 0001:00011530       ?Seek@KMp4Audio@@UAEXH@Z   10012530 f   KMp4Audio.obj
 0001:00011560       ?Rewind@KMp4Audio@@UAEXXZ  10012560 f   KMp4Audio.obj
 0001:00011580       ?Mp3FileOpen@KMp4Audio@@MAEHPAD@Z 10012580 f   KMp4Audio.obj
 0001:000115d0       ?Mp3FileRead@KMp4Audio@@MAEKPAEK@Z 100125d0 f   KMp4Audio.obj
 0001:000115f0       ?Mp3FileSeek@KMp4Audio@@MAEKJ@Z 100125f0 f   KMp4Audio.obj
 0001:00011610       ??0KVideo@@QAE@ABV0@@Z     10012610 f i KMp4Movie.obj
 0001:000116c0       ??4KVideo@@QAEAAV0@ABV0@@Z 100126c0 f i KMp4Movie.obj
 0001:00011770       ??0KMp4Video@@QAE@ABV0@@Z  10012770 f i KMp4Movie.obj
 0001:00011840       ??4KMp4Video@@QAEAAV0@ABV0@@Z 10012840 f i KMp4Movie.obj
 0001:00011910       ??0KMp4Movie@@QAE@XZ       10012910 f i KMp4Movie.obj
 0001:000119a0       ??0KMp4Movie@@QAE@ABV0@@Z  100129a0 f i KMp4Movie.obj
 0001:00011bd0       ??4KMp4Movie@@QAEAAV0@ABV0@@Z 10012bd0 f i KMp4Movie.obj
 0001:00011d90       ??1KMp4Movie@@QAE@XZ       10012d90 f i KMp4Movie.obj
 0001:00011e10       ?Open@KMp4Movie@@QAEHPAD@Z 10012e10 f   KMp4Movie.obj
 0001:00011e40       ?Close@KMp4Movie@@QAEXXZ   10012e40 f   KMp4Movie.obj
 0001:00011e60       ?Play@KMp4Movie@@QAEXHHH@Z 10012e60 f   KMp4Movie.obj
 0001:00011ea0       ?Stop@KMp4Movie@@QAEXXZ    10012ea0 f   KMp4Movie.obj
 0001:00011ec0       ?Seek@KMp4Movie@@QAEXH@Z   10012ec0 f   KMp4Movie.obj
 0001:00011ef0       ?Rewind@KMp4Movie@@QAEXXZ  10012ef0 f   KMp4Movie.obj
 0001:00011f10       ?WaitForEnd@KMp4Movie@@QAEXXZ 10012f10 f   KMp4Movie.obj
 0001:00011fa0       ??0KMp4Video@@QAE@XZ       10012fa0 f   KMp4Video.obj
 0001:00012000       ??1KMp4Video@@QAE@XZ       10013000 f   KMp4Video.obj
 0001:00012060       ?Open@KMp4Video@@UAEHPAD@Z 10013060 f   KMp4Video.obj
 0001:000120d0       ?Close@KMp4Video@@UAEXXZ   100130d0 f   KMp4Video.obj
 0001:00012100       ?Seek@KMp4Video@@UAEXH@Z   10013100 f   KMp4Video.obj
 0001:00012120       ?Rewind@KMp4Video@@UAEXXZ  10013120 f   KMp4Video.obj
 0001:00012130       ?NextFrame@KMp4Video@@MAEHXZ 10013130 f   KMp4Video.obj
 0001:000121c0       ?DrawFrame@KMp4Video@@IAEXXZ 100131c0 f   KMp4Video.obj
 0001:00012210       ?DivXInit@KMp4Video@@AAEHXZ 10013210 f   KMp4Video.obj
 0001:00012440       ?DivXDecode@KMp4Video@@AAEXH@Z 10013440 f   KMp4Video.obj
 0001:00012490       ?DivXExit@KMp4Video@@AAEXXZ 10013490 f   KMp4Video.obj
 0001:000124c0       ??0KMpgMusic@@QAE@XZ       100134c0 f i KMpgMusic.obj
 0001:00012530       ??0KMpgMusic@@QAE@ABV0@@Z  10013530 f i KMpgMusic.obj
 0001:00012620       ??4KMpgMusic@@QAEAAV0@ABV0@@Z 10013620 f i KMpgMusic.obj
 0001:00012710       ??1KMpgMusic@@UAE@XZ       10013710 f i KMpgMusic.obj
 0001:00012780       ??_GKMpgMusic@@UAEPAXI@Z   10013780 f i KMpgMusic.obj
 0001:000127a0       ??_EKMpgMusic@@UAEPAXI@Z   100137a0 f i KMpgMusic.obj
 0001:00012800       ?Open@KMpgMusic@@UAEHPAD@Z 10013800 f   KMpgMusic.obj
 0001:00012840       ?InitSoundFormat@KMpgMusic@@MAEXXZ 10013840 f   KMpgMusic.obj
 0001:00012860       ?ReadWaveData@KMpgMusic@@MAEKPAEK@Z 10013860 f   KMpgMusic.obj
 0001:00012880       ?Seek@KMpgMusic@@UAEXH@Z   10013880 f   KMpgMusic.obj
 0001:00012890       ?Rewind@KMpgMusic@@UAEXXZ  10013890 f   KMpgMusic.obj
 0001:000128b0       ?Mp3FileOpen@KMpgMusic@@MAEHPAD@Z 100138b0 f   KMpgMusic.obj
 0001:000128c0       ?Mp3FileRead@KMpgMusic@@MAEKPAEK@Z 100138c0 f   KMpgMusic.obj
 0001:000128e0       ?Mp3FileSeek@KMpgMusic@@MAEKJ@Z 100138e0 f   KMpgMusic.obj
 0001:00012900       ?Mp3Init@KMpgMusic@@AAEHXZ 10013900 f   KMpgMusic.obj
 0001:00012af0       ?Mp3Decode@KMpgMusic@@AAEKPAEK@Z 10013af0 f   KMpgMusic.obj
 0001:00012b80       ?Mp3FillBuffer@KMpgMusic@@AAEHXZ 10013b80 f   KMpgMusic.obj
 0001:00012c00       ?GetMsgBuf@KMsgNode@@QAEPAXXZ 10013c00 f i KMsgNode.obj
 0001:00012c10       ?GetMsgLen@KMsgNode@@QAEKXZ 10013c10 f i KMsgNode.obj
 0001:00012c20       ?SetPtr@KMsgNode@@QAEXPAX@Z 10013c20 f i KMsgNode.obj
 0001:00012c30       ?GetPtr@KMsgNode@@QAEPAXXZ 10013c30 f i KMsgNode.obj
 0001:00012c40       ??0KMsgNode@@QAE@ABV0@@Z   10013c40 f i KMsgNode.obj
 0001:00012c80       ??4KMsgNode@@QAEAAV0@ABV0@@Z 10013c80 f i KMsgNode.obj
 0001:00012cb0       ??_GKMsgNode@@UAEPAXI@Z    10013cb0 f i KMsgNode.obj
 0001:00012cd0       ??_EKMsgNode@@UAEPAXI@Z    10013cd0 f i KMsgNode.obj
 0001:00012d30       ??0KMsgNode@@QAE@XZ        10013d30 f   KMsgNode.obj
 0001:00012d50       ??1KMsgNode@@UAE@XZ        10013d50 f   KMsgNode.obj
 0001:00012db0       ??1KNode@@UAE@XZ           10013db0 f i KMsgNode.obj
 0001:00012dc0       ?SetMsg@KMsgNode@@QAEXPAXK@Z 10013dc0 f   KMsgNode.obj
 0001:00012e00       ??0KMusic@@QAE@XZ          10013e00 f   KMusic.obj
 0001:00012e30       ??1KMusic@@UAE@XZ          10013e30 f   KMusic.obj
 0001:00012e80       ?ThreadFunction@KMusic@@KAXPAX@Z 10013e80 f   KMusic.obj
 0001:00012ea0       ?Open@KMusic@@UAEHPAD@Z    10013ea0 f   KMusic.obj
 0001:00012eb0       ?Init@KMusic@@MAEHXZ       10013eb0 f   KMusic.obj
 0001:00012f10       ?Close@KMusic@@UAEXXZ      10013f10 f   KMusic.obj
 0001:00012f50       ?InitSoundFormat@KMusic@@MAEXXZ 10013f50 f   KMusic.obj
 0001:00012f60       ?InitSoundBuffer@KMusic@@MAEHXZ 10013f60 f   KMusic.obj
 0001:00012ff0       ?FreeSoundBuffer@KMusic@@MAEXXZ 10013ff0 f   KMusic.obj
 0001:00013020       ?InitEventHandle@KMusic@@MAEHXZ 10014020 f   KMusic.obj
 0001:00013070       ?FreeEventHandle@KMusic@@MAEXXZ 10014070 f   KMusic.obj
 0001:000130a0       ?InitSoundNotify@KMusic@@MAEHXZ 100140a0 f   KMusic.obj
 0001:00013120       ?FreeSoundNotify@KMusic@@MAEXXZ 10014120 f   KMusic.obj
 0001:00013150       ?HandleNotify@KMusic@@UAEHXZ 10014150 f   KMusic.obj
 0001:00013190       ?FillBufferWithSound@KMusic@@MAEHK@Z 10014190 f   KMusic.obj
 0001:00013270       ?FillBufferWithSilence@KMusic@@MAEHXZ 10014270 f   KMusic.obj
 0001:000132f0       ?ReadWaveData@KMusic@@MAEKPAEK@Z 100142f0 f   KMusic.obj
 0001:00013300       ?Play@KMusic@@UAEXH@Z      10014300 f   KMusic.obj
 0001:00013330       ?Stop@KMusic@@UAEXXZ       10014330 f   KMusic.obj
 0001:00013340       ?SetVolume@KMusic@@UAEXJ@Z 10014340 f   KMusic.obj
 0001:00013360       ?Rewind@KMusic@@UAEXXZ     10014360 f   KMusic.obj
 0001:00013370       ??0KMutex@@QAE@XZ          10014370 f   KMutex.obj
 0001:00013380       ??1KMutex@@QAE@XZ          10014380 f   KMutex.obj
 0001:00013390       ?Lock@KMutex@@QAEXXZ       10014390 f i KMutex.obj
 0001:000133a0       ?Unlock@KMutex@@QAEXXZ     100143a0 f i KMutex.obj
 0001:000133b0       ?GetRecvStatus@KNetClient@@QAEHXZ 100143b0 f i KNetClient.obj
 0001:000133c0       ?GetPing@KNetClient@@QAEHXZ 100143c0 f i KNetClient.obj
 0001:000133d0       ?GetCommand@KNetClient@@QAEPAUCOMMAND@@XZ 100143d0 f i KNetClient.obj
 0001:000133e0       ??0KNetClient@@QAE@ABV0@@Z 100143e0 f i KNetClient.obj
 0001:00013560       ??4KNetClient@@QAEAAV0@ABV0@@Z 10014560 f i KNetClient.obj
 0001:000136f0       ??_GKNetClient@@UAEPAXI@Z  100146f0 f i KNetClient.obj
 0001:00013710       ??_EKNetClient@@UAEPAXI@Z  10014710 f i KNetClient.obj
 0001:00013770       ??0KNetClient@@QAE@XZ      10014770 f   KNetClient.obj
 0001:00013870       ??1KNetClient@@UAE@XZ      10014870 f   KNetClient.obj
 0001:000138a0       ?Open@KNetClient@@UAE_NXZ  100148a0 f   KNetClient.obj
 0001:000138e0       ?Close@KNetClient@@UAEXXZ  100148e0 f   KNetClient.obj
 0001:00013910       ?FillServerAddr@KNetClient@@AAE_NPAD@Z 10014910 f   KNetClient.obj
 0001:00013a40       ?GetPortNumFromName@KNetClient@@AAEFPAD@Z 10014a40 f   KNetClient.obj
 0001:00013a60       ?Connect@KNetClient@@UAE_NPAD@Z 10014a60 f   KNetClient.obj
 0001:00013b50       ?SendMsg@KNetClient@@UAEHPAXJ@Z 10014b50 f   KNetClient.obj
 0001:00013c40       ?RecieveData@KNetClient@@QAEHPAEK@Z 10014c40 f   KNetClient.obj
 0001:00013cc0       ?SendPackage@KNetClient@@QAEHXZ 10014cc0 f   KNetClient.obj
 0001:00013d20       ?FindStringInMem@KNetClient@@AAEPADPADK0@Z 10014d20 f   KNetClient.obj
 0001:00013d90       ?SortProtocol@KNetClient@@AAEXXZ 10014d90 f   KNetClient.obj
 0001:00013f20       ?DeCompress@KNetClient@@AAEHPAURECV_DATA@@@Z 10014f20 f   KNetClient.obj
 0001:00013fe0       ?DataProcess@KNetClient@@AAEHXZ 10014fe0 f   KNetClient.obj
 0001:00014130       ?RecvMsg@KNetClient@@UAEHXZ 10015130 f   KNetClient.obj
 0001:000141b0       ?MessagePreProcess@KNetClient@@UAEHXZ 100151b0 f   KNetClient.obj
 0001:000142b0       ?SendPing@KNetClient@@QAEHXZ 100152b0 f   KNetClient.obj
 0001:000142e0       ?Decipher@KNetClient@@AAEXXZ 100152e0 f   KNetClient.obj
 0001:000143a0       ?GetHostName@KNetClient@@UAEPADXZ 100153a0 f   KNetClient.obj
 0001:000143b0       ?GetPortName@KNetClient@@UAEPADXZ 100153b0 f   KNetClient.obj
 0001:000143c0       ?ClearRecvFlag@KNetClient@@QAEXXZ 100153c0 f   KNetClient.obj
 0001:000143f0       ?DisConnect@KNetClient@@UAEXXZ 100153f0 f   KNetClient.obj
 0001:00014410       ?GetClientNum@KNetServer@@QAEHXZ 10015410 f i KNetServer.obj
 0001:00014420       ??0KNetServer@@QAE@ABV0@@Z 10015420 f i KNetServer.obj
 0001:000144b0       ??4KNetServer@@QAEAAV0@ABV0@@Z 100154b0 f i KNetServer.obj
 0001:00014560       ??_GKNetServer@@UAEPAXI@Z  10015560 f i KNetServer.obj
 0001:00014580       ??_EKNetServer@@UAEPAXI@Z  10015580 f i KNetServer.obj
 0001:00014640       ?GetPortNumFromName@KNetServer@@AAEFPAD@Z 10015640 f   KNetServer.obj
 0001:00014660       ??0KNetServer@@QAE@XZ      10015660 f   KNetServer.obj
 0001:00014690       ??1KNetServer@@UAE@XZ      10015690 f   KNetServer.obj
 0001:000146b0       ?Create@KNetServer@@UAEHPAD@Z 100156b0 f   KNetServer.obj
 0001:00014800       ?CheckConnect@KNetServer@@UAEXXZ 10015800 f   KNetServer.obj
 0001:000148d0       ?Encipher@KNetServer@@AAEXH@Z 100158d0 f   KNetServer.obj
 0001:00014940       ?MakeNewCipher@KNetServer@@QAEXH@Z 10015940 f   KNetServer.obj
 0001:000149a0       ?RecieveData@KNetServer@@UAEHHPAEK@Z 100159a0 f   KNetServer.obj
 0001:00014ae0       ?SendMessageA@KNetServer@@UAEHH@Z 10015ae0 f   KNetServer.obj
 0001:00014dd0       ?SendDest@KNetServer@@UAEHH@Z 10015dd0 f   KNetServer.obj
 0001:000150b0       ?RecieveMessage@KNetServer@@UAEHHK@Z 100160b0 f   KNetServer.obj
 0001:000151a0       ?MessagePreProcess@KNetServer@@UAEHH@Z 100161a0 f   KNetServer.obj
 0001:00015370       ?SetCountNum@KNetServer@@QAEXHH@Z 10016370 f   KNetServer.obj
 0001:000153b0       ?ClearRecvInfo@KNetServer@@QAEXH@Z 100163b0 f   KNetServer.obj
 0001:000153e0       ?DelOneClient@KNetServer@@QAEXH@Z 100163e0 f   KNetServer.obj
 0001:00015420       ?CopyDataToTemp@KNetServer@@QAEXXZ 10016420 f   KNetServer.obj
 0001:000154a0       ?CopyTempToDest@KNetServer@@QAEXXZ 100164a0 f   KNetServer.obj
 0001:00015500       ?RecvDataToTemp@KNetServer@@QAEXXZ 10016500 f   KNetServer.obj
 0001:000155f0       ?RecvTempToDest@KNetServer@@QAEXXZ 100165f0 f   KNetServer.obj
 0001:00015660       ?Close@KNetServer@@UAEXXZ  10016660 f   KNetServer.obj
 0001:00015690       ??0KOctreeNode@@QAE@ABV0@@Z 10016690 f i KOctree.obj
 0001:000156d0       ??4KOctreeNode@@QAEAAV0@ABV0@@Z 100166d0 f i KOctree.obj
 0001:00015710       ??_GKOctreeNode@@UAEPAXI@Z 10016710 f i KOctree.obj
 0001:00015730       ??_EKOctreeNode@@UAEPAXI@Z 10016730 f i KOctree.obj
 0001:00015790       ??0KOctree@@QAE@ABV0@@Z    10016790 f i KOctree.obj
 0001:00015800       ??4KOctree@@QAEAAV0@ABV0@@Z 10016800 f i KOctree.obj
 0001:00015870       ??_GKOctree@@UAEPAXI@Z     10016870 f i KOctree.obj
 0001:00015890       ??_EKOctree@@UAEPAXI@Z     10016890 f i KOctree.obj
 0001:000158f0       ??0KOctree@@QAE@XZ         100168f0 f   KOctree.obj
 0001:00015920       ??1KOctree@@UAE@XZ         10016920 f   KOctree.obj
 0001:00015990       ?Insert@KOctree@@QAEXEEE@Z 10016990 f   KOctree.obj
 0001:000159c0       ?ReduceNode@KOctree@@QAEXXZ 100169c0 f   KOctree.obj
 0001:00015a00       ?GetMinSumNode@KOctree@@QAEXPAVKOctreeNode@@@Z 10016a00 f   KOctree.obj
 0001:00015a60       ?InitPalette@KOctree@@QAEXXZ 10016a60 f   KOctree.obj
 0001:00015a90       ?MakePalette@KOctree@@QAEXPAVKOctreeNode@@@Z 10016a90 f   KOctree.obj
 0001:00015b20       ?QueryIndex@KOctree@@QAEHEEE@Z 10016b20 f   KOctree.obj
 0001:00015b40       ??0KOctreeNode@@QAE@XZ     10016b40 f   KOctreeNode.obj
 0001:00015b70       ??1KOctreeNode@@UAE@XZ     10016b70 f   KOctreeNode.obj
 0001:00015b80       ?Free@KOctreeNode@@QAEXXZ  10016b80 f   KOctreeNode.obj
 0001:00015bb0       ?Insert@KOctreeNode@@QAEHEEEHH@Z 10016bb0 f   KOctreeNode.obj
 0001:00015c90       ?QueryIndex@KOctreeNode@@QAEHEEEH@Z 10016c90 f   KOctreeNode.obj
 0001:00015d10       ?Merge@KOctreeNode@@QAEHXZ 10016d10 f   KOctreeNode.obj
 0001:00015d80       ?IsLeaf@KOctreeNode@@QAEHXZ 10016d80 f   KOctreeNode.obj
 0001:00015da0       ?IsFather@KOctreeNode@@QAEHXZ 10016da0 f   KOctreeNode.obj
 0001:00015de0       ?RefenceSum@KOctreeNode@@QAEHXZ 10016de0 f   KOctreeNode.obj
 0001:00015e00       ??0KPakData@@QAE@XZ        10016e00 f   KPakData.obj
 0001:00015e50       ??1KPakData@@QAE@XZ        10016e50 f   KPakData.obj
 0001:00015eb0       ?Open@KPakData@@QAEHPAD@Z  10016eb0 f   KPakData.obj
 0001:00015f70       ?Read@KPakData@@QAEKPAXK@Z 10016f70 f   KPakData.obj
 0001:00015f90       ?Seek@KPakData@@QAEKJK@Z   10016f90 f   KPakData.obj
 0001:00015fb0       ?Tell@KPakData@@QAEKXZ     10016fb0 f   KPakData.obj
 0001:00015fc0       ?Close@KPakData@@QAEXXZ    10016fc0 f   KPakData.obj
 0001:00015ff0       ?Search@KPakData@@QAEHPADPAK1@Z 10016ff0 f   KPakData.obj
 0001:000160a0       ?Decode@KPakData@@QAEHPAUTCodeInfo@@@Z 100170a0 f   KPakData.obj
 0001:000160b0       ?g_SetPakFileMode@@YAXH@Z  100170b0 f   KPakFile.obj
 0001:000160c0       ?releaseSPR@@YAXPAD0@Z     100170c0 f   KPakFile.obj
 0001:00016160       ?getSPR@@YAPADPBDHPAPAD_N@Z 10017160 f   KPakFile.obj
 0001:00016230       ?create_image@@YAKPBDHH@Z  10017230 f   KPakFile.obj
 0001:00016250       ?get_image@@YAPAXPBD@Z     10017250 f   KPakFile.obj
 0001:00016270       ??0KPakFile@@QAE@XZ        10017270 f   KPakFile.obj
 0001:00016280       ??1KPakFile@@QAE@XZ        10017280 f   KPakFile.obj
 0001:000162d0       ?Open@KPakFile@@QAEHPAD@Z  100172d0 f   KPakFile.obj
 0001:000163c0       ?Read@KPakFile@@QAEKPAXK@Z 100173c0 f   KPakFile.obj
 0001:000164c0       ?Seek@KPakFile@@QAEKJK@Z   100174c0 f   KPakFile.obj
 0001:00016520       ?Tell@KPakFile@@QAEKXZ     10017520 f   KPakFile.obj
 0001:00016530       ?Size@KPakFile@@QAEKXZ     10017530 f   KPakFile.obj
 0001:00016540       ?Close@KPakFile@@QAEXXZ    10017540 f   KPakFile.obj
 0001:00016550       ?Save@KPakFile@@QAEHPAD@Z  10017550 f   KPakFile.obj
 0001:00016560       ??0KPakList@@QAE@XZ        10017560 f   KPakList.obj
 0001:000165f0       ??1KPakList@@QAE@XZ        100175f0 f   KPakList.obj
 0001:000166d0       ?create_image@KPakList@@QAEKPBDHH@Z 100176d0 f   KPakList.obj
 0001:00016750       ?get_image@KPakList@@QAEPAXPBD@Z 10017750 f   KPakList.obj
 0001:000168e0       ?Open@KPakList@@QAEHPAD@Z  100178e0 f   KPakList.obj
 0001:00016b40       ?Close@KPakList@@QAEXXZ    10017b40 f   KPakList.obj
 0001:00016b90       ?Read@KPakList@@QAEKPAXK@Z 10017b90 f   KPakList.obj
 0001:00016ba0       ?Seek@KPakList@@QAEKJK@Z   10017ba0 f   KPakList.obj
 0001:00016bb0       ?Tell@KPakList@@QAEKXZ     10017bb0 f   KPakList.obj
 0001:00016bc0       ?Decode@KPakList@@QAEHPAUTCodeInfo@@@Z 10017bc0 f   KPakList.obj
 0001:00016bd0       ?Search@KPakList@@QAEJPADPAK1@Z 10017bd0 f   KPakList.obj
 0001:00016cc0       ??4KPakTool@@QAEAAV0@ABV0@@Z 10017cc0 f i KPakTool.obj
 0001:00016ce0       ??0KPakTool@@QAE@XZ        10017ce0 f   KPakTool.obj
 0001:00016cf0       ??1KPakTool@@QAE@XZ        10017cf0 f   KPakTool.obj
 0001:00016d00       ?Pack@KPakTool@@QAEHPAD0H@Z 10017d00 f   KPakTool.obj
 0001:00016f40       ?UnPack@KPakTool@@QAEHPAD0@Z 10017f40 f   KPakTool.obj
 0001:00017150       ?g_SetColorStyle@@YAXEEE@Z 10018150 f   KPalette.obj
 0001:00017170       ?g_Pal24ToPal16@@YAXPAUKPAL24@@PAGH@Z 10018170 f   KPalette.obj
 0001:000171c0       ?g_Pal32ToPal16@@YAXPAUKPAL32@@PAGH@Z 100181c0 f   KPalette.obj
 0001:00017210       ?g_Pal24ToPal16Style@@YAXPAUKPAL24@@PAGH@Z 10018210 f   KPalette.obj
 0001:000172c0       ?g_Pal32ToPal16Style@@YAXPAUKPAL32@@PAGH@Z 100182c0 f   KPalette.obj
 0001:00017370       ?g_Pal24ToPal16Gray@@YAXPAUKPAL24@@PAGH@Z 10018370 f   KPalette.obj
 0001:000173e0       ?g_Pal32ToPal16Gray@@YAXPAUKPAL32@@PAGH@Z 100183e0 f   KPalette.obj
 0001:00017450       ?g_Pal24ToPal16Lum@@YAXPAUKPAL24@@PAGH@Z 10018450 f   KPalette.obj
 0001:000174d0       ?g_Pal32ToPal16Lum@@YAXPAUKPAL32@@PAGH@Z 100184d0 f   KPalette.obj
 0001:00017550       ?g_Pal24ToPal32@@YAXPAUKPAL24@@PAUKPAL32@@H@Z 10018550 f   KPalette.obj
 0001:00017590       ?g_Pal32ToPal24@@YAXPAUKPAL32@@PAUKPAL24@@H@Z 10018590 f   KPalette.obj
 0001:000175d0       ??4KPcxFile@@QAEAAV0@ABV0@@Z 100185d0 f i KPcxFile.obj
 0001:000175f0       ?Load@KPcxFile@@QAEHPADPAVKBitmap@@@Z 100185f0 f   KPcxFile.obj
 0001:000177c0       ?Save@KPcxFile@@QAEHPADPAVKBitmap@@@Z 100187c0 f   KPcxFile.obj
 0001:000177d0       ?Decode@KPcxFile@@AAEXPAX0@Z 100187d0 f   KPcxFile.obj
 0001:00017850       ?Encode@KPcxFile@@AAEXPAX0@Z 10018850 f   KPcxFile.obj
 0001:00017860       ?GetVertexNumber@KPolygon@@QAEHXZ 10018860 f i KPolygon.obj
 0001:00017870       ?GetPolygonPtr@KPolygon@@QAEPAUTPolygon@@XZ 10018870 f i KPolygon.obj
 0001:00017880       ??4KPolygon@@QAEAAV0@ABV0@@Z 10018880 f i KPolygon.obj
 0001:000178a0       ??0KPolygon@@QAE@XZ        100188a0 f   KPolygon.obj
 0001:000178c0       ?IsPointInPolygon@KPolygon@@QAEHUtagPOINT@@@Z 100188c0 f   KPolygon.obj
 0001:00017980       ?IsPointInPolygon@KPolygon@@QAEHHH@Z 10018980 f   KPolygon.obj
 0001:00017a40       ?GetNearVertex@KPolygon@@QAEHUtagPOINT@@@Z 10018a40 f   KPolygon.obj
 0001:00017ab0       ?GetIndexVertex@KPolygon@@QAEHHPAUtagPOINT@@@Z 10018ab0 f   KPolygon.obj
 0001:00017ae0       ?RemoveIndexVertex@KPolygon@@QAEHH@Z 10018ae0 f   KPolygon.obj
 0001:00017b20       ?AddPointToVertex@KPolygon@@QAEHUtagPOINT@@@Z 10018b20 f   KPolygon.obj
 0001:00017c60       ?AddPointToVertex@KPolygon@@QAEHHH@Z 10018c60 f   KPolygon.obj
 0001:00017da0       ?LoopVertex@KPolygon@@QAEXH@Z 10018da0 f   KPolygon.obj
 0001:00017e00       ?Clear@KPolygon@@QAEXXZ    10018e00 f   KPolygon.obj
 0001:00017e20       ?GetCenterPos@KPolygon@@QAEXPAUtagPOINT@@@Z 10018e20 f   KPolygon.obj
 0001:00017e70       ?ShiftVertex@KPolygon@@QAEHHH@Z 10018e70 f   KPolygon.obj
 0001:00018040       ?GetLeftVertex@KPolygon@@QAEHXZ 10019040 f   KPolygon.obj
 0001:00018070       ?GetRightVertex@KPolygon@@QAEHXZ 10019070 f   KPolygon.obj
 0001:000180a0       ?g_ColliSion@@YAHVKPolygon@@0@Z 100190a0 f   KPolyRelation.obj
 0001:000180f0       ?g_SpaceRelation@@YAHVKPolygon@@0@Z 100190f0 f   KPolyRelation.obj
 0001:000182b0       ?IntersectionX2Y@@YAHUtagPOINT@@0HPAH@Z 100192b0 f   KPolyRelation.obj
 0001:00018300       ?g_RandomSeed@@YAXI@Z      10019300 f   KRandom.obj
 0001:00018310       ?g_Random@@YAII@Z          10019310 f   KRandom.obj
 0001:00018350       ?g_GetRandomSeed@@YAIXZ    10019350 f   KRandom.obj
 0001:00018360       ?SignalEvent@KSafeList@@QAEXXZ 10019360 f i KSafeList.obj
 0001:00018370       ?WaitEvent@KSafeList@@QAEXXZ 10019370 f i KSafeList.obj
 0001:00018380       ?TimedWaitEvent@KSafeList@@QAEXJ@Z 10019380 f i KSafeList.obj
 0001:00018390       ?Lock@KSafeList@@QAEXXZ    10019390 f i KSafeList.obj
 0001:000183a0       ?Unlock@KSafeList@@QAEXXZ  100193a0 f i KSafeList.obj
 0001:000183b0       ??0KSafeList@@QAE@XZ       100193b0 f i KSafeList.obj
 0001:00018420       ??0KSafeList@@QAE@ABV0@@Z  10019420 f i KSafeList.obj
 0001:00018470       ??4KSafeList@@QAEAAV0@ABV0@@Z 10019470 f i KSafeList.obj
 0001:000184b0       ??1KSafeList@@QAE@XZ       100194b0 f i KSafeList.obj
 0001:00018510       ??4KScanFile@@QAEAAV0@ABV0@@Z 10019510 f i KScanDir.obj
 0001:00018540       ??0KScanFile@@QAE@XZ       10019540 f   KScanDir.obj
 0001:00018560       ?DiscardFileExt@KScanFile@@QAEXPAD@Z 10019560 f   KScanDir.obj
 0001:00018580       ?RunSearch@KScanFile@@QAEHPAD00@Z 10019580 f   KScanDir.obj
 0001:00018600       ?SearchDirectory@KScanFile@@AAEXXZ 10019600 f   KScanDir.obj
 0001:000186e0       ?CheckFileExt@KScanFile@@AAEHPAD@Z 100196e0 f   KScanDir.obj
 0001:00018710       ?OutputFileName@KScanFile@@AAEXPAD@Z 10019710 f   KScanDir.obj
 0001:000187e0       ??0KScript@@QAE@XZ         100197e0 f   KScript.obj
 0001:000187f0       ??1KScript@@UAE@XZ         100197f0 f   KScript.obj
 0001:00018800       ?Init@KScript@@UAEHXZ      10019800 f   KScript.obj
 0001:00018810       ?Exit@KScript@@UAEXXZ      10019810 f   KScript.obj
 0001:00018820       ?Load@KScript@@UAEHPAD@Z   10019820 f   KScript.obj
 0001:00018830       ?Compile@KScript@@UAEHPAD@Z 10019830 f   KScript.obj
 0001:00018840       ?Execute@KScript@@UAEHXZ   10019840 f   KScript.obj
 0001:00018850       ?CallFunction@KScript@@UAAHPADH0ZZ 10019850 f   KScript.obj
 0001:00018860       ?RegisterFunction@KScript@@UAEHPADPAX@Z 10019860 f   KScript.obj
 0001:00018870       ??0KScriptCache@@QAE@XZ    10019870 f i KScriptCache.obj
 0001:00018890       ??0KScriptCache@@QAE@ABV0@@Z 10019890 f i KScriptCache.obj
 0001:000188d0       ??4KScriptCache@@QAEAAV0@ABV0@@Z 100198d0 f i KScriptCache.obj
 0001:00018900       ??1KScriptCache@@UAE@XZ    10019900 f i KScriptCache.obj
 0001:00018910       ??_GKScriptCache@@UAEPAXI@Z 10019910 f i KScriptCache.obj
 0001:00018930       ??_EKScriptCache@@UAEPAXI@Z 10019930 f i KScriptCache.obj
 0001:00018990       ?LoadNode@KScriptCache@@UAEHPAVKCacheNode@@@Z 10019990 f   KScriptCache.obj
 0001:00018a20       ?FreeNode@KScriptCache@@UAEXPAVKCacheNode@@@Z 10019a20 f   KScriptCache.obj
 0001:00018a50       ?SeekBegin@KStepLuaScript@@QAEXXZ 10019a50 f i KScriptList.obj
 0001:00018a60       ?SeekToExeBegin@KStepLuaScript@@QAEXXZ 10019a60 f i KScriptList.obj
 0001:00018a70       ?RunMain@KStepLuaScript@@QAEXXZ 10019a70 f i KScriptList.obj
 0001:00018a80       ?RunFunc@KStepLuaScript@@QAEXXZ 10019a80 f i KScriptList.obj
 0001:00018a90       ?RunIdle@KStepLuaScript@@QAEXXZ 10019a90 f i KScriptList.obj
 0001:00018aa0       ?RunResume@KStepLuaScript@@QAEXXZ 10019aa0 f i KScriptList.obj
 0001:00018ab0       ?RunWaitMsg@KStepLuaScript@@QAEXXZ 10019ab0 f i KScriptList.obj
 0001:00018ac0       ?IsRunMain@KStepLuaScript@@QAEHXZ 10019ac0 f i KScriptList.obj
 0001:00018ad0       ?IsRunFunc@KStepLuaScript@@QAEHXZ 10019ad0 f i KScriptList.obj
 0001:00018ae0       ?IsRunIdle@KStepLuaScript@@QAEHXZ 10019ae0 f i KScriptList.obj
 0001:00018af0       ?IsRunResume@KStepLuaScript@@QAEHXZ 10019af0 f i KScriptList.obj
 0001:00018b00       ?IsRunWaitMsg@KStepLuaScript@@QAEHXZ 10019b00 f i KScriptList.obj
 0001:00018b10       ?GetWaitingMsg@KStepLuaScript@@QAEPADXZ 10019b10 f i KScriptList.obj
 0001:00018b20       ?GetStatus@KStepLuaScript@@QAEHXZ 10019b20 f i KScriptList.obj
 0001:00018b30       ??0KStepLuaScript@@QAE@ABV0@@Z 10019b30 f i KScriptList.obj
 0001:00018c00       ??4KStepLuaScript@@QAEAAV0@ABV0@@Z 10019c00 f i KScriptList.obj
 0001:00018ce0       ??_GKStepLuaScript@@UAEPAXI@Z 10019ce0 f i KScriptList.obj
 0001:00018d00       ??_EKStepLuaScript@@UAEPAXI@Z 10019d00 f i KScriptList.obj
 0001:00018d60       ??1KScriptNode@@UAE@XZ     10019d60 f i KScriptList.obj
 0001:00018db0       ??0KScriptNode@@QAE@XZ     10019db0 f i KScriptList.obj
 0001:00018dd0       ??0KScriptNode@@QAE@ABV0@@Z 10019dd0 f i KScriptList.obj
 0001:00018e00       ??4KScriptNode@@QAEAAV0@ABV0@@Z 10019e00 f i KScriptList.obj
 0001:00018e30       ??_GKScriptNode@@UAEPAXI@Z 10019e30 f i KScriptList.obj
 0001:00018e50       ??_EKScriptNode@@UAEPAXI@Z 10019e50 f i KScriptList.obj
 0001:00018eb0       ??0KScriptList@@QAE@XZ     10019eb0 f i KScriptList.obj
 0001:00018ee0       ??0KScriptList@@QAE@ABV0@@Z 10019ee0 f i KScriptList.obj
 0001:00018f10       ??4KScriptList@@QAEAAV0@ABV0@@Z 10019f10 f i KScriptList.obj
 0001:00018f40       ??1KScriptList@@QAE@XZ     10019f40 f i KScriptList.obj
 0001:00018f50       ?GetScript@KScriptList@@QAEPAVKLuaScript@@PAUlua_State@@@Z 10019f50 f   KScriptList.obj
 0001:00018f90       ?Activate@KScriptList@@QAEXXZ 10019f90 f   KScriptList.obj
 0001:00019050       ?SendMessageA@KScriptList@@QAEXPAD0@Z 1001a050 f   KScriptList.obj
 0001:000190b0       ??0KScriptSet@@QAE@XZ      1001a0b0 f   KScriptSet.obj
 0001:000190d0       ??0KScriptSet@@QAE@H@Z     1001a0d0 f   KScriptSet.obj
 0001:00019120       ??1KScriptSet@@QAE@XZ      1001a120 f   KScriptSet.obj
 0001:00019150       ?GetScript@KScriptSet@@QAEPAVKScript@@PADHH@Z 1001a150 f   KScriptSet.obj
 0001:000192b0       ?GetScript@KScriptSet@@QAEPAVKScript@@KHH@Z 1001a2b0 f   KScriptSet.obj
 0001:00019410       ?UpdateRecent@KScriptSet@@QAEXHPAUTScript@@@Z 1001a410 f   KScriptSet.obj
 0001:000194c0       ?SearchScript@KScriptSet@@QAEPAUTScript@@PADPAH@Z 1001a4c0 f   KScriptSet.obj
 0001:000194f0       ?SearchScript@KScriptSet@@QAEPAUTScript@@KPAH@Z 1001a4f0 f   KScriptSet.obj
 0001:00019520       ?CreateScript@KScriptSet@@UAEPAVKScript@@PADH@Z 1001a520 f   KScriptSet.obj
 0001:00019530       ?CreateScript@KScriptSet@@UAEPAVKScript@@KH@Z 1001a530 f   KScriptSet.obj
 0001:00019540       ?DeleteScript@KScriptSet@@QAEHPAD@Z 1001a540 f   KScriptSet.obj
 0001:00019630       ?DeleteScript@KScriptSet@@QAEHK@Z 1001a630 f   KScriptSet.obj
 0001:00019720       ?DeleteScript@KScriptSet@@QAEHPAUTScript@@@Z 1001a720 f   KScriptSet.obj
 0001:00019750       ?InsertScript@KScriptSet@@QAEPAUTScript@@PAD@Z 1001a750 f   KScriptSet.obj
 0001:000197b0       ?InsertScript@KScriptSet@@QAEPAUTScript@@K@Z 1001a7b0 f   KScriptSet.obj
 0001:00019810       ?GetInitStackSize@KScriptSet@@UAEHPAD@Z 1001a810 f   KScriptSet.obj
 0001:00019820       ?GetInitStackSize@KScriptSet@@UAEHK@Z 1001a820 f   KScriptSet.obj
 0001:00019830       ?ListScriptsKey@KScriptSet@@QAEKXZ 1001a830 f   KScriptSet.obj
[...]
 0003:000018e0       ??_C@_0BE@KNOO@socket?5send?5fail?3?$CFd?$AA@ 100528e0     KNetServer.obj
 0003:000018f4       ??_C@_0CF@IOGO@?$FLnet?$FNCompress?5Percent?3?$CFd?4?$CFd?0?5siz@ 100528f4     KNetServer.obj
 0003:0000191c       ??_C@_0BH@ODM@socket?5could?5not?5send?5?$AA@ 1005291c     KNetServer.obj
 0003:00001934       ??_C@_07PAAE@PACKAGE?$AA@  10052934     KPakData.obj
 0003:0000193c       ??_C@_0BJ@JOBP@PakList?5Open?5?3?5?$CFs?5?4?4?4?5Ok?$AA@ 1005293c     KPakList.obj
 0003:00001958       ??_C@_04HIKB@Path?$AA@     10052958     KPakList.obj
 0003:00001960       ??_C@_07CPIP@Package?$AA@  10052960     KPakList.obj
 0003:00001968       ??_C@_0BE@DANF@Encode?5time?5?$DN?5?$CFd?5ms?$AA@ 10052968     KPakTool.obj
 0003:0000197c       ??_C@_0BE@FPHN@Decode?5time?5?$DN?5?$CFd?5ms?$AA@ 1005297c     KPakTool.obj
 0003:00001998       ??_C@_02NGAF@wb?$AA@       10052998     KScanDir.obj
 0003:0000199c       ??_C@_02OOND@?4?4?$AA@     1005299c     KScanDir.obj
 0003:000019a0       ??_C@_01FDHG@?$CK?$AA@     100529a0     KScanDir.obj
 0003:000019a4       ??_C@_0EN@CDIM@UnKnown?5ScriptSet?5KeyStyle?3?$FL?$CFd?$FN?4@ 100529a4     KScriptSet.obj
 0003:000019f4       ??_C@_0DD@JEAP@Can?5not?5Create?5Script?5Instance?5?0@ 100529f4     KScriptSet.obj
 0003:00001a28       ??_C@_0EM@NHKC@The?5ScriptSet?8s?5Key?5Is?5Not?5a?5Str@ 10052a28     KScriptSet.obj
 0003:00001a74       ??_C@_0EM@JPB@The?5ScriptSet?8s?5Key?5Is?5Not?5a?5Num@ 10052a74     KScriptSet.obj
 0003:00001ac0       ??_C@_0CF@EKEM@Have?5Exist?5This?5Key?5In?5TScript?5S@ 10052ac0     KScriptSet.obj
 0003:00001ae8       ??_C@_03MLGJ@SPR?$AA@      10052ae8     KSprite.obj
 0003:00001aec       ??_C@_04CHML@SPR?$AA?$AA@  10052aec     KSpriteMaker.obj
 0003:00001af4       ??_C@_08NCOK@Exit?$CI?$CJ?$DL?6?$AA@ 10052af4     KStepLuaScript.obj
 0003:00001b00       ??_C@_02IELE@ds?$AA@       10052b00     KStepLuaScript.obj
 0003:00001b04       ??_C@_04HKN@On?$CFs?$AA@   10052b04     KStepLuaScript.obj
 0003:00001b0c       ??_C@_0BL@LOEJ@?$LN?E?$LB?$LO?$LE?m?N?s?3?5GotoLabel?$CI?$CJ?5?$DN?5?$CFs?$AA@ 10052b0c     KStepLuaScript.obj
 0003:00001b28       ??_C@_0M@FJKJ@Label?$CI?$CC?$CFs?$CC?$CJ?$AA@ 10052b28     KStepLuaScript.obj
 0003:00001b34       ??_C@_01POCP@?7?$AA@       10052b34     KTabFileCtrl.obj
 0003:00001b38       ??_C@_01BJG@?6?$AA@        10052b38     KTabFileCtrl.obj
 0003:00001b3c       ??_C@_01FEHD@?$AN?$AA@     10052b3c     KTabFileCtrl.obj
 0003:00001b40       ??_C@_03IIBH@?$CFs?7?$AA@  10052b40     KTabFileCtrl.obj
 0003:00001b44       ??_C@_0BN@BPPG@KVideo?5?3?5Create?5event?5failed?$AA@ 10052b44     KVideo.obj
 0003:00001b64       ??_C@_0CO@DJJJ@KWavFile?3?5Unsuport?5one?5channel?5I@ 10052b64     KWavFile.obj
 0003:00001b94       ??_C@_06HDI@?5Title?$AA@   10052b94     KWin32App.obj
 0003:00001b9c       ??_C@_06GAB@?5Class?$AA@   10052b9c     KWin32App.obj
 0003:00001e1c       ??_C@_0CE@DOGP@KZipCodec?3?5Unsuport?5compress?5met@ 10052e1c     KZipCodec.obj
 0003:00001e40       ??_C@_0CE@OABB@KZipCodec?3?5The?5Zip?5File?5is?5Encry@ 10052e40     KZipCodec.obj
 0003:00001e64       ??_C@_0BP@PCPD@KZipCodec?3?3lookat_code?$CI?$CJ?5error?$AA@ 10052e64     KZipCodec.obj
 0003:00001e84       ??_C@_0CD@CMOF@KZipCodec?3?3extract_inflate?$CI?$CJ?5err@ 10052e84     KZipCodec.obj
 0003:00001ea8       ??_C@_0BL@FFAH@PakList?5Open?5?3?5?$CFs?5?4?4?4?5Fail?$AA@ 10052ea8     KZipList.obj
 0003:00001ec4       ?s_NotAllowAtLineHeadA1Characters@@3PAEA 10052ec4     Text.obj
 0003:00001ed0       ?s_NotAllowAtLineHeadA3Characters@@3PAEA 10052ed0     Text.obj
 0003:00001edc       ?s_NotAllowAtLineHead00Characters@@3PAEA 10052edc     Text.obj
 0003:00001ee4       _ucl_alloc_hook            10052ee4     alloc.obj
 0003:00001ee8       _ucl_free_hook             10052ee8     alloc.obj
 0003:00001ef0       ??_C@_04KNK@1?401?$AA@     10052ef0     ucl_util.obj
 0003:00001ef8       ??_C@_0M@NJJK@Jan?502?52002?$AA@ 10052ef8     ucl_util.obj
 0003:00001f20       _jpeg_zigzag               10052f20     JpgLib:KJpegDecode.obj
 0003:00002014       ??_C@_0BG@GMMF@Lha?5Decode?3?5Bad?5table?$AA@ 10053014     LhaLib:KLhaTable.obj
 0003:0000226c       _band_limit_nsb            1005326c     mp3lib:KMp3Decode.obj
 0003:000067f8       _wincoef                   100577f8     mp3lib:KMp3Win.obj
 0003:00008230       ?g_pCanvas@@3PAVKCanvas@@A 10059230     KCanvas.obj
 0003:00008238       ?g_pDirectDraw@@3PAVKDirectDraw@@A 10059238     KDDraw.obj
 0003:00008240       ?g_pDirectInput@@3PAVKDirectInput@@A 10059240     KDInput.obj
 0003:00008250       ?g_pDirectSound@@3PAVKDirectSound@@A 10059250     KDSound.obj
 0003:00008264       ?g_pIme@@3PAVKIme@@A       10059264     Kime.obj
 0003:0000826c       ??_C@_00A@?$AA@            1005926c     KIniFile.obj
 0003:00008270       ?g_pKeyboard@@3PAVKKeyboard@@A 10059270     KKeyboard.obj
 0003:00008298       ?g_MemManager@@3VKMemManager@@A 10059298     KMemManager.obj
 0003:00008304       ?g_pMouse@@3PAVKMouse@@A   10059304     KMouse.obj
 0003:00008320       ?g_pNetClient@@3PAVKNetClient@@A 10059320     KNetClient.obj
 0003:00008328       ?Mutex@@3PAVKMutex@@A      10059328     KNetServer.obj
 0003:0000e328       ?g_pNetServer@@3PAVKNetServer@@A 1005f328     KNetServer.obj
 0003:0000e330       ?g_pPakList@@3PAVKPakList@@A 1005f330     KPakList.obj
 0003:0000e6a4       ?sout@@3PAU_iobuf@@A       1005f6a4     KWin32App.obj
 0003:0000e6a8       ?serr@@3PAU_iobuf@@A       1005f6a8     KWin32App.obj
 0003:0000e6bc       ?g_pZipList@@3PAVKZipList@@A 1005f6bc     KZipList.obj
 0003:0000e6c0       ?g_pIInlinePicSink@@3PAUIInlinePicEngineSink@@A 1005f6c0     Text.obj
 0003:0000e6d0       ___ucl_init_done           1005f6d0     ucl_init.obj
 0003:0000e6d4       _jpeg_stream               1005f6d4     JpgLib:KJpegLib.obj
 0003:0000e6d8       _jpeg_IDCT                 1005f6d8     JpgLib:KJpegLib.obj
 0003:0000e6dc       _jpeg_Y2RGB                1005f6dc     JpgLib:KJpegLib.obj
 0003:0000e6e0       _jpeg_YCbCr411             1005f6e0     JpgLib:KJpegLib.obj
 0003:0000e6e4       _jpeg_YCbCr111             1005f6e4     JpgLib:KJpegLib.obj
 0003:00011dc8       _inbuf                     10062dc8     LhaLib:KLhaIo.obj
 0003:00011dcc       _outbuf                    10062dcc     LhaLib:KLhaIo.obj
 0003:00011dd0       _inlen                     10062dd0     LhaLib:KLhaIo.obj
 0003:00011dd4       _outlen                    10062dd4     LhaLib:KLhaIo.obj
 0003:00011dd8       _bitbuf                    10062dd8     LhaLib:KLhaIo.obj
 0003:0001a010       _jpeg_qtable               1006b010     <common>
 0003:0001a020       _jpeg_ybuf                 1006b020     <common>
 0003:0001a220       _jpeg_crbuf                1006b220     <common>
 0003:0001a2a0       _jpeg_htable               1006b2a0     <common>
 0003:0001a2e0       _jpeg_cbbuf                1006b2e0     <common>
 0003:0001a360       _jpeg_head                 1006b360     <common>
 0003:0001a378       _jpeg_DC                   1006b378     <common>
 0003:0001a37e       _jpeg_bit                  1006b37e     <common>
 0003:0001a380       _left                      1006b380     <common>
 0003:0001ab80       _right                     1006bb80     <common>
 0003:0001b380       _mdct6_3v                  1006c380     <common>
 0003:0001b3a0       _mdct6_3v2                 1006c3a0     <common>
 0003:0001b3c0       _mdct18w                   1006c3c0     <common>
 0003:0001b420       _mdct18w2                  1006c420     <common>
 0003:0001b460       _coef                      1006c460     <common>
 0003:0001b4f0       _coef87                    1006c4f0     <common>
 0003:0001b500       _coef32                    1006c500     <common>
 0003:0001b580       _csa                       1006c580     <common>
 0003:0001b5c0       _win                       1006c5c0     <common>
 0003:0001b800       _sfBandIndex               1006c800     <common>
 0003:0001b8c0       _bitdat                    1006c8c0     <common>
 0003:0001b8e0       _nBand                     1006c8e0     <common>
 0003:0001b990       __adjust_fdiv              1006c990     <common>
 0003:0001b994       __pRawDllMain              1006c994     <common>
 0003:0001b998       ___onexitend               1006c998     <common>
 0003:0001b99c       ___onexitbegin             1006c99c     <common>

 entry point at        0001:0003b5e1

 Static symbols

 0001:0002c490       _basic_integral_check      1002d490 f   ucl_init.obj
 0001:0002c4a0       _basic_ptr_check           1002d4a0 f   ucl_init.obj
 0001:0002c4b0       _ptr_check                 1002d4b0 f   ucl_init.obj
 0001:0002c600       _schedule_insns_bug        1002d600 f   ucl_init.obj
 0001:0002c610       _strength_reduce_bug       1002d610 f   ucl_init.obj
 0001:00029810       _swd_exit                  1002a810 f   n2e_99.obj
 0001:00029870       _init_match                1002a870 f   n2e_99.obj
 0001:000298f0       _swd_init                  1002a8f0 f   n2e_99.obj
 0001:00029ad0       _swd_initdict              1002aad0 f   n2e_99.obj
 0001:00029b30       _swd_insertdict            1002ab30 f   n2e_99.obj
 0001:00029bd0       _find_match                1002abd0 f   n2e_99.obj
 0001:00029ca0       _swd_getbyte               1002aca0 f   n2e_99.obj
 0001:00029d30       _swd_accept                1002ad30 f   n2e_99.obj
 0001:00029de0       _swd_remove_node           1002ade0 f   n2e_99.obj
 0001:00029e60       _swd_findbest              1002ae60 f   n2e_99.obj
 0001:00029f80       _swd_search                1002af80 f   n2e_99.obj
 0001:0002a040       _swd_search2               1002b040 f   n2e_99.obj
 0001:0002a080       _bbConfig                  1002b080 f   n2e_99.obj
 0001:0002a0e0       _bbPutBit                  1002b0e0 f   n2e_99.obj
 0001:0002a140       _bbWriteBits               1002b140 f   n2e_99.obj
 0001:0002a180       _bbPutByte                 1002b180 f   n2e_99.obj
 0001:0002a1a0       _bbFlushBits               1002b1a0 f   n2e_99.obj
 0001:0002a1f0       _code_prefix_ss12          1002b1f0 f   n2e_99.obj
 0001:0002a260       _code_match                1002b260 f   n2e_99.obj
 0001:0002a390       _code_prefix_ss11          1002b390 f   n2e_99.obj
 0001:0002a3f0       _code_run                  1002b3f0 f   n2e_99.obj
 0001:0002a440       _len_of_coded_match        1002b440 f   n2e_99.obj
 0001:00026d40       _swd_exit                  10027d40 f   n2d_99.obj
 0001:00026da0       _init_match                10027da0 f   n2d_99.obj
 0001:00026e20       _swd_init                  10027e20 f   n2d_99.obj
 0001:00027000       _swd_initdict              10028000 f   n2d_99.obj
 0001:00027060       _swd_insertdict            10028060 f   n2d_99.obj
 0001:00027100       _find_match                10028100 f   n2d_99.obj
 0001:000271d0       _swd_getbyte               100281d0 f   n2d_99.obj
 0001:00027260       _swd_accept                10028260 f   n2d_99.obj
 0001:00027310       _swd_remove_node           10028310 f   n2d_99.obj
 0001:00027390       _swd_findbest              10028390 f   n2d_99.obj
 0001:000274b0       _swd_search                100284b0 f   n2d_99.obj
 0001:00027570       _swd_search2               10028570 f   n2d_99.obj
 0001:000275b0       _bbConfig                  100285b0 f   n2d_99.obj
 0001:00027610       _bbPutBit                  10028610 f   n2d_99.obj
 0001:00027670       _bbWriteBits               10028670 f   n2d_99.obj
 0001:000276b0       _bbPutByte                 100286b0 f   n2d_99.obj
 0001:000276d0       _bbFlushBits               100286d0 f   n2d_99.obj
 0001:00027720       _code_prefix_ss12          10028720 f   n2d_99.obj
 0001:00027790       _code_match                10028790 f   n2d_99.obj
 0001:000278a0       _code_prefix_ss11          100288a0 f   n2d_99.obj
 0001:00027900       _code_run                  10028900 f   n2d_99.obj
 0001:00027950       _len_of_coded_match        10028950 f   n2d_99.obj
 0001:000245a0       _swd_exit                  100255a0 f   n2b_99.obj
 0001:00024600       _init_match                10025600 f   n2b_99.obj
 0001:00024680       _swd_init                  10025680 f   n2b_99.obj
 0001:00024860       _swd_initdict              10025860 f   n2b_99.obj
 0001:000248c0       _swd_insertdict            100258c0 f   n2b_99.obj
 0001:00024960       _find_match                10025960 f   n2b_99.obj
 0001:00024a30       _swd_getbyte               10025a30 f   n2b_99.obj
 0001:00024ac0       _swd_accept                10025ac0 f   n2b_99.obj
 0001:00024b70       _swd_remove_node           10025b70 f   n2b_99.obj
 0001:00024bf0       _swd_findbest              10025bf0 f   n2b_99.obj
 0001:00024d10       _swd_search                10025d10 f   n2b_99.obj
 0001:00024dd0       _swd_search2               10025dd0 f   n2b_99.obj
 0001:00024e10       _bbConfig                  10025e10 f   n2b_99.obj
 0001:00024e70       _bbPutBit                  10025e70 f   n2b_99.obj
 0001:00024ed0       _bbWriteBits               10025ed0 f   n2b_99.obj
 0001:00024f10       _bbPutByte                 10025f10 f   n2b_99.obj
 0001:00024f30       _bbFlushBits               10025f30 f   n2b_99.obj
 0001:00024f80       _code_prefix_ss11          10025f80 f   n2b_99.obj
 0001:00024fe0       _code_match                10025fe0 f   n2b_99.obj
 0001:000250e0       _code_run                  100260e0 f   n2b_99.obj
 0001:00025130       _len_of_coded_match        10026130 f   n2b_99.obj
 0001:00023fb0       _ucl_alloc_internal        10024fb0 f   alloc.obj
 0001:00023ff0       _ucl_free_internal         10024ff0 f   alloc.obj
 0001:000238b0       ?TEncodeCtrl@@YA_NPADHAAH1@Z 100248b0 f   Text.obj
 0001:000239f0       ?TEncodeCtrl@@YAHHPADH0@Z  100249f0 f   Text.obj
 0001:00020740       ?WndProc@@YGJPAUHWND__@@IIJ@Z 10021740 f   KWin32App.obj
 0001:0001fa00       ?ImaInitTable@@YAXXZ       10020a00 f   KWavCodec.obj
 0001:0001fa60       ?ImaDecodeBlock@@YAXPAEPAFH@Z 10020a60 f   KWavCodec.obj
 0001:0001faa0       ?ImaDecodeSample@@YAXHHPAEPAFHH@Z 10020aa0 f   KWavCodec.obj
 0001:000145e0       _$E13                      100155e0 f   KNetServer.obj
 0001:000145f0       _$E10                      100155f0 f   KNetServer.obj
 0001:00014610       _$E12                      10015610 f   KNetServer.obj
 0001:00014620       _$E11                      10015620 f   KNetServer.obj
 0001:000129f0       ?LoadMpgLib@@YAHXZ         100139f0 f   KMpgMusic.obj
 0001:00012ad0       ?FreeMpgLib@@YAXXZ         10013ad0 f   KMpgMusic.obj
 0001:00012380       ?LoadMp4Lib@@YAHXZ         10013380 f   KMp4Video.obj
 0001:00012420       ?FreeMp4Lib@@YAXXZ         10013420 f   KMp4Video.obj
 0001:000104f0       _$E6                       100114f0 f   KMessage.obj
 0001:00010500       _$E3                       10011500 f   KMessage.obj
 0001:00010540       _$E5                       10011540 f   KMessage.obj
 0001:00010550       _$E4                       10011550 f   KMessage.obj
 0001:00010000       _$E6                       10011000 f   KMemManager.obj
 0001:00010010       _$E3                       10011010 f   KMemManager.obj
 0001:00010020       _$E5                       10011020 f   KMemManager.obj
 0001:00010030       _$E4                       10011030 f   KMemManager.obj
 0001:0000fb20       _$E4                       10010b20 f   KMemBase.obj
 0001:0000fb30       _$E1                       10010b30 f   KMemBase.obj
 0001:0000fb40       _$E3                       10010b40 f   KMemBase.obj
 0001:0000fb50       _$E2                       10010b50 f   KMemBase.obj
 0001:00008840       ?LoadEicLib@@YAHXZ         10009840 f   KEicScript.obj
 0001:00008920       ?FreeEicLib@@YAXXZ         10009920 f   KEicScript.obj
 0001:00007100       _$E4                       10008100 f   KDrawSprite.obj
 0001:00007110       _$E1                       10008110 f   KDrawSprite.obj
 0001:00007120       _$E3                       10008120 f   KDrawSprite.obj
 0001:00007130       _$E2                       10008130 f   KDrawSprite.obj
 0001:00000c70       ?str2ulong@@YAKPAD@Z       10001c70 f   KAviFile.obj
 0001:0002e4f0       _Y2RGB                     1002f4f0 f   JpgLib:KJpegColor.obj
 0001:0002e540       _YCbCr411_565              1002f540 f   JpgLib:KJpegColor.obj
 0001:0002e7f0       _YCbCr411_555              1002f7f0 f   JpgLib:KJpegColor.obj
 0001:0002ea90       _RGB16_555                 1002fa90 f   JpgLib:KJpegColor.obj
 0001:0002eb20       _RGB16_565                 1002fb20 f   JpgLib:KJpegColor.obj
 0001:0002ebb0       _YCbCr411_nommx            1002fbb0 f   JpgLib:KJpegColor.obj
 0001:0002ed60       _YCbCr111                  1002fd60 f   JpgLib:KJpegColor.obj
 0001:000314c0       _make_len                  100324c0 f   LhaLib:KLhaTree.obj
 0001:00031590       _count_len                 10032590 f   LhaLib:KLhaTree.obj
 0001:00031610       _downheap                  10032610 f   LhaLib:KLhaTree.obj
 0001:000305b0       _send_block                100315b0 f   LhaLib:KLhaHuf.obj
 0001:00030790       _count_t_freq              10031790 f   LhaLib:KLhaHuf.obj
 0001:00030850       _write_pt_len              10031850 f   LhaLib:KLhaHuf.obj
 0001:000308f0       _write_c_len               100318f0 f   LhaLib:KLhaHuf.obj
 0001:00030a40       _encode_c                  10031a40 f   LhaLib:KLhaHuf.obj
 0001:00030a70       _encode_p                  10031a70 f   LhaLib:KLhaHuf.obj
 0001:00030c30       _read_pt_len               10031c30 f   LhaLib:KLhaHuf.obj
 0001:00030d60       _read_c_len                10031d60 f   LhaLib:KLhaHuf.obj
 0001:0002fe80       _encode_alloc              10030e80 f   LhaLib:KLhaLib.obj
 0001:0002fed0       _encode_free               10030ed0 f   LhaLib:KLhaLib.obj
 0001:0002ff40       _init_slide                10030f40 f   LhaLib:KLhaLib.obj
 0001:0002ff60       _insert                    10030f60 f   LhaLib:KLhaLib.obj
 0001:0002ffa0       _match_insert              10030fa0 f   LhaLib:KLhaLib.obj
 0001:00030180       _get_next                  10031180 f   LhaLib:KLhaLib.obj
 0001:000301d0       _update                    100311d0 f   LhaLib:KLhaLib.obj
 0001:000303c0       _decode_alloc              100313c0 f   LhaLib:KLhaLib.obj
 0001:000303f0       _decode_free               100313f0 f   LhaLib:KLhaLib.obj
 0001:00035ef0       _forward_bf                10036ef0 f   mp3lib:KMp3Fdct.obj
 0001:00035fb0       _back_bf                   10036fb0 f   mp3lib:KMp3Fdct.obj
 0001:00034980       _bitget_lb                 10035980 f   mp3lib:KMp3Huf.obj
 0001:000349f0       _bitget2                   100359f0 f   mp3lib:KMp3Huf.obj
 0001:00033220       _gencoef                   10034220 f   mp3lib:KMp3Sbt.obj
 0001:00031b40       _Xform_mono                10032b40 f   mp3lib:KMp3Decode.obj
 0001:00031bf0       _Xform_dual_right          10032bf0 f   mp3lib:KMp3Decode.obj
 0001:00031ca0       _Xform_dual                10032ca0 f   mp3lib:KMp3Decode.obj
 0001:00031dc0       _Xform_dual_mono           10032dc0 f   mp3lib:KMp3Decode.obj
 0001:00031f80       _L3audio_decode_MPEG1      10032f80 f   mp3lib:KMp3Decode.obj
 0001:00032100       _bitget_init               10033100 f   mp3lib:KMp3Decode.obj
 0001:00032120       _unpack_side_MPEG1         10033120 f   mp3lib:KMp3Decode.obj
 0001:000323f0       _unpack_main               100333f0 f   mp3lib:KMp3Decode.obj
 0001:00032940       _bitget_init_end           10033940 f   mp3lib:KMp3Decode.obj
 0001:00032950       _bitget_bits_used          10033950 f   mp3lib:KMp3Decode.obj
 0001:00032d40       _L3audio_decode_MPEG2      10033d40 f   mp3lib:KMp3Decode.obj
 0001:00032ed0       _unpack_side_MPEG2         10033ed0 f   mp3lib:KMp3Decode.obj
 0001:0003b2c4       ?ArrayUnwindFilter@@YAHPAU_EXCEPTION_POINTERS@@@Z 1003c2c4 f   MSVCRT:ehvecdtr.obj
